Component: ARM Compiler 5.06 update 7 (build 960) Tool: armlink [4d3601]

==============================================================================

Section Cross References

    startup_stm32f10x_md.o(STACK) refers (Special) to heapauxi.o(.text) for __use_two_region_memory
    startup_stm32f10x_md.o(HEAP) refers (Special) to heapauxi.o(.text) for __use_two_region_memory
    startup_stm32f10x_md.o(RESET) refers (Special) to heapauxi.o(.text) for __use_two_region_memory
    startup_stm32f10x_md.o(RESET) refers to startup_stm32f10x_md.o(STACK) for __initial_sp
    startup_stm32f10x_md.o(RESET) refers to startup_stm32f10x_md.o(.text) for Reset_Handler
    startup_stm32f10x_md.o(RESET) refers to stm32f10x_it.o(i.NMI_Handler) for NMI_Handler
    startup_stm32f10x_md.o(RESET) refers to stm32f10x_it.o(i.HardFault_Handler) for HardFault_Handler
    startup_stm32f10x_md.o(RESET) refers to stm32f10x_it.o(i.MemManage_Handler) for MemManage_Handler
    startup_stm32f10x_md.o(RESET) refers to stm32f10x_it.o(i.BusFault_Handler) for BusFault_Handler
    startup_stm32f10x_md.o(RESET) refers to stm32f10x_it.o(i.UsageFault_Handler) for UsageFault_Handler
    startup_stm32f10x_md.o(RESET) refers to stm32f10x_it.o(i.SVC_Handler) for SVC_Handler
    startup_stm32f10x_md.o(RESET) refers to stm32f10x_it.o(i.DebugMon_Handler) for DebugMon_Handler
    startup_stm32f10x_md.o(RESET) refers to stm32f10x_it.o(i.PendSV_Handler) for PendSV_Handler
    startup_stm32f10x_md.o(RESET) refers to stm32f10x_it.o(i.SysTick_Handler) for SysTick_Handler
    startup_stm32f10x_md.o(RESET) refers to main.o(i.TIM3_IRQHandler) for TIM3_IRQHandler
    startup_stm32f10x_md.o(RESET) refers to serial.o(i.USART1_IRQHandler) for USART1_IRQHandler
    startup_stm32f10x_md.o(RESET) refers to esp8266.o(i.USART2_IRQHandler) for USART2_IRQHandler
    startup_stm32f10x_md.o(RESET) refers to infraredsensor.o(i.EXTI15_10_IRQHandler) for EXTI15_10_IRQHandler
    startup_stm32f10x_md.o(.text) refers (Special) to heapauxi.o(.text) for __use_two_region_memory
    startup_stm32f10x_md.o(.text) refers to system_stm32f10x.o(i.SystemInit) for SystemInit
    startup_stm32f10x_md.o(.text) refers to __main.o(!!!main) for __main
    startup_stm32f10x_md.o(.text) refers to startup_stm32f10x_md.o(HEAP) for Heap_Mem
    startup_stm32f10x_md.o(.text) refers to startup_stm32f10x_md.o(STACK) for Stack_Mem
    system_stm32f10x.o(i.SetSysClock) refers to system_stm32f10x.o(i.SetSysClockTo72) for SetSysClockTo72
    system_stm32f10x.o(i.SystemCoreClockUpdate) refers to system_stm32f10x.o(.data) for SystemCoreClock
    system_stm32f10x.o(i.SystemInit) refers to system_stm32f10x.o(i.SetSysClock) for SetSysClock
    stm32f10x_adc.o(i.ADC_DeInit) refers to stm32f10x_rcc.o(i.RCC_APB2PeriphResetCmd) for RCC_APB2PeriphResetCmd
    stm32f10x_bkp.o(i.BKP_DeInit) refers to stm32f10x_rcc.o(i.RCC_BackupResetCmd) for RCC_BackupResetCmd
    stm32f10x_can.o(i.CAN_DeInit) refers to stm32f10x_rcc.o(i.RCC_APB1PeriphResetCmd) for RCC_APB1PeriphResetCmd
    stm32f10x_can.o(i.CAN_GetITStatus) refers to stm32f10x_can.o(i.CheckITStatus) for CheckITStatus
    stm32f10x_cec.o(i.CEC_DeInit) refers to stm32f10x_rcc.o(i.RCC_APB1PeriphResetCmd) for RCC_APB1PeriphResetCmd
    stm32f10x_dac.o(i.DAC_DeInit) refers to stm32f10x_rcc.o(i.RCC_APB1PeriphResetCmd) for RCC_APB1PeriphResetCmd
    stm32f10x_flash.o(i.FLASH_EnableWriteProtection) refers to stm32f10x_flash.o(i.FLASH_WaitForLastOperation) for FLASH_WaitForLastOperation
    stm32f10x_flash.o(i.FLASH_EraseAllBank1Pages) refers to stm32f10x_flash.o(i.FLASH_WaitForLastBank1Operation) for FLASH_WaitForLastBank1Operation
    stm32f10x_flash.o(i.FLASH_EraseAllPages) refers to stm32f10x_flash.o(i.FLASH_WaitForLastOperation) for FLASH_WaitForLastOperation
    stm32f10x_flash.o(i.FLASH_EraseOptionBytes) refers to stm32f10x_flash.o(i.FLASH_GetReadOutProtectionStatus) for FLASH_GetReadOutProtectionStatus
    stm32f10x_flash.o(i.FLASH_EraseOptionBytes) refers to stm32f10x_flash.o(i.FLASH_WaitForLastOperation) for FLASH_WaitForLastOperation
    stm32f10x_flash.o(i.FLASH_ErasePage) refers to stm32f10x_flash.o(i.FLASH_WaitForLastOperation) for FLASH_WaitForLastOperation
    stm32f10x_flash.o(i.FLASH_ProgramHalfWord) refers to stm32f10x_flash.o(i.FLASH_WaitForLastOperation) for FLASH_WaitForLastOperation
    stm32f10x_flash.o(i.FLASH_ProgramOptionByteData) refers to stm32f10x_flash.o(i.FLASH_WaitForLastOperation) for FLASH_WaitForLastOperation
    stm32f10x_flash.o(i.FLASH_ProgramWord) refers to stm32f10x_flash.o(i.FLASH_WaitForLastOperation) for FLASH_WaitForLastOperation
    stm32f10x_flash.o(i.FLASH_ReadOutProtection) refers to stm32f10x_flash.o(i.FLASH_WaitForLastOperation) for FLASH_WaitForLastOperation
    stm32f10x_flash.o(i.FLASH_UserOptionByteConfig) refers to stm32f10x_flash.o(i.FLASH_WaitForLastOperation) for FLASH_WaitForLastOperation
[...]
    i.GPIO_Init                              0x08001bd4   Section        0  stm32f10x_gpio.o(i.GPIO_Init)
    i.GPIO_PinRemapConfig                    0x08001cec   Section        0  stm32f10x_gpio.o(i.GPIO_PinRemapConfig)
    i.GPIO_ReadInputDataBit                  0x08001d7c   Section        0  stm32f10x_gpio.o(i.GPIO_ReadInputDataBit)
    i.GPIO_ResetBits                         0x08001d8e   Section        0  stm32f10x_gpio.o(i.GPIO_ResetBits)
    i.GPIO_SetBits                           0x08001d92   Section        0  stm32f10x_gpio.o(i.GPIO_SetBits)
    i.GPIO_WriteBit                          0x08001d96   Section        0  stm32f10x_gpio.o(i.GPIO_WriteBit)
    i.HardFault_Handler                      0x08001da0   Section        0  stm32f10x_it.o(i.HardFault_Handler)
    i.MemManage_Handler                      0x08001da4   Section        0  stm32f10x_it.o(i.MemManage_Handler)
    i.NMI_Handler                            0x08001da8   Section        0  stm32f10x_it.o(i.NMI_Handler)
    i.NVIC_Init                              0x08001dac   Section        0  misc.o(i.NVIC_Init)
    i.NVIC_PriorityGroupConfig               0x08001e1c   Section        0  misc.o(i.NVIC_PriorityGroupConfig)
    i.OLED_Clear                             0x08001e30   Section        0  oled.o(i.OLED_Clear)
    i.OLED_ClearArea                         0x08001e58   Section        0  oled.o(i.OLED_ClearArea)
    i.OLED_DrawPoint                         0x08001ee8   Section        0  oled.o(i.OLED_DrawPoint)
    i.OLED_DrawRectangle                     0x08001f38   Section        0  oled.o(i.OLED_DrawRectangle)
    i.OLED_DrawRoundedRectangle              0x08001fc6   Section        0  oled.o(i.OLED_DrawRoundedRectangle)
    i.OLED_GPIO_Init                         0x0800224c   Section        0  oled.o(i.OLED_GPIO_Init)
    i.OLED_I2C_SendByte                      0x080022ac   Section        0  oled.o(i.OLED_I2C_SendByte)
    i.OLED_I2C_Start                         0x080022ea   Section        0  oled.o(i.OLED_I2C_Start)
    i.OLED_I2C_Stop                          0x08002306   Section        0  oled.o(i.OLED_I2C_Stop)
    i.OLED_Init                              0x0800231c   Section        0  oled.o(i.OLED_Init)
    i.OLED_Pow                               0x080023b6   Section        0  oled.o(i.OLED_Pow)
    i.OLED_SetCursor                         0x080023ca   Section        0  oled.o(i.OLED_SetCursor)
    i.OLED_ShowChar                          0x080023ec   Section        0  oled.o(i.OLED_ShowChar)
    i.OLED_ShowImage                         0x08002440   Section        0  oled.o(i.OLED_ShowImage)
    i.OLED_ShowNum                           0x0800253c   Section        0  oled.o(i.OLED_ShowNum)
    i.OLED_ShowString                        0x08002588   Section        0  oled.o(i.OLED_ShowString)
    i.OLED_Update                            0x08002698   Section        0  oled.o(i.OLED_Update)
    i.OLED_W_SCL                             0x080026c0   Section        0  oled.o(i.OLED_W_SCL)
    i.OLED_W_SDA                             0x080026d8   Section        0  oled.o(i.OLED_W_SDA)
    i.OLED_WriteCommand                      0x080026f0   Section        0  oled.o(i.OLED_WriteCommand)
    i.OLED_WriteData                         0x08002710   Section        0  oled.o(i.OLED_WriteData)
    i.PWM_Init                               0x08002740   Section        0  pwm.o(i.PWM_Init)
    i.PWM_SetCompare2                        0x080027d8   Section        0  pwm.o(i.PWM_SetCompare2)
    i.PendSV_Handler                         0x080027e8   Section        0  stm32f10x_it.o(i.PendSV_Handler)
    i.ProcessCommand                         0x080027ec   Section        0  main.o(i.ProcessCommand)
    i.ProcessESP8266Data                     0x080029d4   Section        0  main.o(i.ProcessESP8266Data)
    i.RCC_APB1PeriphClockCmd                 0x08002c40   Section        0  stm32f10x_rcc.o(i.RCC_APB1PeriphClockCmd)
    i.RCC_APB2PeriphClockCmd                 0x08002c60   Section        0  stm32f10x_rcc.o(i.RCC_APB2PeriphClockCmd)
    i.RCC_GetClocksFreq                      0x08002c80   Section        0  stm32f10x_rcc.o(i.RCC_GetClocksFreq)
    i.Read_Byte                              0x08002d54   Section        0  dht11.o(i.Read_Byte)
    Read_Byte                                0x08002d55   Thumb Code    90  dht11.o(i.Read_Byte)
    i.Read_DHT11                             0x08002db4   Section        0  dht11.o(i.Read_DHT11)
    i.SVC_Handler                            0x08002e54   Section        0  stm32f10x_it.o(i.SVC_Handler)
    i.Serial_Init                            0x08002e58   Section        0  serial.o(i.Serial_Init)
    i.Servo_Init                             0x08002f10   Section        0  servo.o(i.Servo_Init)
    i.Servo_SetAngle                         0x08002f18   Section        0  servo.o(i.Servo_SetAngle)
    i.SetSysClock                            0x08002f54   Section        0  system_stm32f10x.o(i.SetSysClock)
    SetSysClock                              0x08002f55   Thumb Code     8  system_stm32f10x.o(i.SetSysClock)
    i.SetSysClockTo72                        0x08002f5c   Section        0  system_stm32f10x.o(i.SetSysClockTo72)
    SetSysClockTo72                          0x08002f5d   Thumb Code   214  system_stm32f10x.o(i.SetSysClockTo72)
    i.SysTick_Handler                        0x0800303c   Section        0  stm32f10x_it.o(i.SysTick_Handler)
    i.SystemInit                             0x08003040   Section        0  system_stm32f10x.o(i.SystemInit)
    i.TIM3_IRQHandler                        0x080030a0   Section        0  main.o(i.TIM3_IRQHandler)
    i.TIM_ClearFlag                          0x080030cc   Section        0  stm32f10x_tim.o(i.TIM_ClearFlag)
    i.TIM_ClearITPendingBit                  0x080030d2   Section        0  stm32f10x_tim.o(i.TIM_ClearITPendingBit)
    i.TIM_Cmd                                0x080030d8   Section        0  stm32f10x_tim.o(i.TIM_Cmd)
    i.TIM_GetITStatus                        0x080030f0   Section        0  stm32f10x_tim.o(i.TIM_GetITStatus)
    i.TIM_ITConfig                           0x08003112   Section        0  stm32f10x_tim.o(i.TIM_ITConfig)
    i.TIM_InternalClockConfig                0x08003124   Section        0  stm32f10x_tim.o(i.TIM_InternalClockConfig)
    i.TIM_OC2Init                            0x08003130   Section        0  stm32f10x_tim.o(i.TIM_OC2Init)
    i.TIM_OCStructInit                       0x080031d4   Section        0  stm32f10x_tim.o(i.TIM_OCStructInit)
    i.TIM_SetCompare2                        0x080031e8   Section        0  stm32f10x_tim.o(i.TIM_SetCompare2)
    i.TIM_TimeBaseInit                       0x080031ec   Section        0  stm32f10x_tim.o(i.TIM_TimeBaseInit)
    i.Timer3_Init                            0x08003290   Section        0  timer.o(i.Timer3_Init)
    i.USART1_IRQHandler                      0x08003310   Section        0  serial.o(i.USART1_IRQHandler)
    i.USART2_IRQHandler                      0x080033b0   Section        0  esp8266.o(i.USART2_IRQHandler)
    i.USART_ClearFlag                        0x080033fc   Section        0  stm32f10x_usart.o(i.USART_ClearFlag)
    i.USART_ClearITPendingBit                0x0800340e   Section        0  stm32f10x_usart.o(i.USART_ClearITPendingBit)
    i.USART_Cmd                              0x0800342c   Section        0  stm32f10x_usart.o(i.USART_Cmd)
    i.USART_GetFlagStatus                    0x08003444   Section        0  stm32f10x_usart.o(i.USART_GetFlagStatus)
    i.USART_GetITStatus                      0x0800345e   Section        0  stm32f10x_usart.o(i.USART_GetITStatus)
    i.USART_ITConfig                         0x080034b2   Section        0  stm32f10x_usart.o(i.USART_ITConfig)
    i.USART_Init                             0x080034fc   Section        0  stm32f10x_usart.o(i.USART_Init)
    i.USART_ReceiveData                      0x080035d4   Section        0  stm32f10x_usart.o(i.USART_ReceiveData)
    i.USART_SendData                         0x080035de   Section        0  stm32f10x_usart.o(i.USART_SendData)
    i.UpdateOLED                             0x080035e8   Section        0  main.o(i.UpdateOLED)
    i.UsageFault_Handler                     0x080038f0   Section        0  stm32f10x_it.o(i.UsageFault_Handler)
    i.Usart2_Init                            0x080038f4   Section        0  usart.o(i.Usart2_Init)
    i.Usart_SendString                       0x0800399c   Section        0  usart.o(i.Usart_SendString)
    i.__ARM_fpclassify                       0x080039ce   Section        0  fpclassify.o(i.__ARM_fpclassify)
    i.__kernel_poly                          0x080039f6   Section        0  poly.o(i.__kernel_poly)
    i.__mathlib_dbl_divzero                  0x08003aa0   Section        0  dunder.o(i.__mathlib_dbl_divzero)
    i.__mathlib_dbl_infnan2                  0x08003ab0   Section        0  dunder.o(i.__mathlib_dbl_infnan2)
    i.__mathlib_dbl_invalid                  0x08003ab4   Section        0  dunder.o(i.__mathlib_dbl_invalid)
    i.__mathlib_dbl_overflow                 0x08003ac0   Section        0  dunder.o(i.__mathlib_dbl_overflow)
    i.__mathlib_dbl_underflow                0x08003ad0   Section        0  dunder.o(i.__mathlib_dbl_underflow)
    i._is_digit                              0x08003ae0   Section        0  __printf_wp.o(i._is_digit)
    i.extractJsonValue                       0x08003af0   Section        0  esp8266.o(i.extractJsonValue)
    i.main                                   0x08003b8c   Section        0  main.o(i.main)
    i.pow                                    0x08003cec   Section        0  pow.o(i.pow)
    i.sqrt                                   0x080046c4   Section        0  sqrt.o(i.sqrt)
    locale$$code                             0x08004710   Section       44  lc_numeric_c.o(locale$$code)
    x$fpl$dadd                               0x0800473c   Section      336  daddsub_clz.o(x$fpl$dadd)
    _dadd1                                   0x0800474d   Thumb Code     0  daddsub_clz.o(x$fpl$dadd)
    x$fpl$dcheck1                            0x0800488c   Section       16  dcheck1.o(x$fpl$dcheck1)
    x$fpl$dcmpinf                            0x0800489c   Section       24  dcmpi.o(x$fpl$dcmpinf)
    x$fpl$ddiv                               0x080048b4   Section      688  ddiv.o(x$fpl$ddiv)
    ddiv_entry                               0x080048bb   Thumb Code     0  ddiv.o(x$fpl$ddiv)
    x$fpl$dfix                               0x08004b64   Section       94  dfix.o(x$fpl$dfix)
    x$fpl$dflt                               0x08004bc2   Section       46  dflt_clz.o(x$fpl$dflt)
    x$fpl$dfltu                              0x08004bf0   Section       38  dflt_clz.o(x$fpl$dfltu)
    x$fpl$dleqf                              0x08004c18   Section      120  dleqf.o(x$fpl$dleqf)
    x$fpl$dmul                               0x08004c90   Section      340  dmul.o(x$fpl$dmul)
    x$fpl$dnaninf                            0x08004de4   Section      156  dnaninf.o(x$fpl$dnaninf)
    x$fpl$dretinf                            0x08004e80   Section       12  dretinf.o(x$fpl$dretinf)
    x$fpl$drleqf                             0x08004e8c   Section      108  drleqf.o(x$fpl$drleqf)
    x$fpl$drsb                               0x08004ef8   Section       22  daddsub_clz.o(x$fpl$drsb)
    x$fpl$dsqrt                              0x08004f10   Section      460  dsqrt_noumaal.o(x$fpl$dsqrt)
    x$fpl$dsub                               0x080050dc   Section      468  daddsub_clz.o(x$fpl$dsub)
    _dsub1                                   0x080050ed   Thumb Code     0  daddsub_clz.o(x$fpl$dsub)
    x$fpl$fadd                               0x080052b0   Section      196  faddsub_clz.o(x$fpl$fadd)
    _fadd1                                   0x080052bf   Thumb Code     0  faddsub_clz.o(x$fpl$fadd)
    x$fpl$fdiv                               0x08005374   Section      388  fdiv.o(x$fpl$fdiv)
    _fdiv1                                   0x08005375   Thumb Code     0  fdiv.o(x$fpl$fdiv)
    x$fpl$ffixu                              0x080054f8   Section       62  ffixu.o(x$fpl$ffixu)
    x$fpl$fmul                               0x08005538   Section      258  fmul.o(x$fpl$fmul)
    x$fpl$fnaninf                            0x0800563a   Section      140  fnaninf.o(x$fpl$fnaninf)
    x$fpl$fretinf                            0x080056c6   Section       10  fretinf.o(x$fpl$fretinf)
    x$fpl$fsub                               0x080056d0   Section      234  faddsub_clz.o(x$fpl$fsub)
    _fsub1                                   0x080056df   Thumb Code     0  faddsub_clz.o(x$fpl$fsub)
    x$fpl$printf1                            0x080057ba   Section        4  printf1.o(x$fpl$printf1)
    x$fpl$retnan                             0x080057be   Section      100  retnan.o(x$fpl$retnan)
    x$fpl$scalbn                             0x08005822   Section       92  scalbn.o(x$fpl$scalbn)
    x$fpl$trapveneer                         0x0800587e   Section       48  trapv.o(x$fpl$trapveneer)
    .constdata                               0x080058ae   Section     3201  oled_data.o(.constdata)
    x$fpl$usenofp                            0x080058ae   Section        0  usenofp.o(x$fpl$usenofp)
    .constdata                               0x0800652f   Section       17  __printf_flags_ss_wp.o(.constdata)
    maptable                                 0x0800652f   Data          17  __printf_flags_ss_wp.o(.constdata)
    .constdata                               0x08006540   Section      136  pow.o(.constdata)
    bp                                       0x08006540   Data          16  pow.o(.constdata)
    dp_h                                     0x08006550   Data          16  pow.o(.constdata)
    dp_l                                     0x08006560   Data          16  pow.o(.constdata)
    L                                        0x08006570   Data          48  pow.o(.constdata)
    P                                        0x080065a0   Data          40  pow.o(.constdata)
    .constdata                               0x080065c8   Section        8  qnan.o(.constdata)
    .constdata                               0x080065d0   Section      148  bigflt0.o(.constdata)
    tenpwrs_x                                0x080065d0   Data          60  bigflt0.o(.constdata)
    tenpwrs_i                                0x0800660c   Data          64  bigflt0.o(.constdata)
    .conststring                             0x08006664   Section      784  esp8266.o(.conststring)
    locale$$data                             0x08006994   Section       28  lc_numeric_c.o(locale$$data)
    __lcnum_c_name                           0x08006998   Data           2  lc_numeric_c.o(locale$$data)
    __lcnum_c_start                          0x080069a0   Data           0  lc_numeric_c.o(locale$$data)
    __lcnum_c_point                          0x080069ac   Data           0  lc_numeric_c.o(locale$$data)
    __lcnum_c_thousands                      0x080069ae   Data           0  lc_numeric_c.o(locale$$data)
    __lcnum_c_grouping                       0x080069af   Data           0  lc_numeric_c.o(locale$$data)
    __lcnum_c_end                            0x080069b0   Data           0  lc_numeric_c.o(locale$$data)
    .data                                    0x20000000   Section       20  stm32f10x_rcc.o(.data)
    APBAHBPrescTable                         0x20000000   Data          16  stm32f10x_rcc.o(.data)
    ADCPrescTable                            0x20000010   Data           4  stm32f10x_rcc.o(.data)
    .data                                    0x20000014   Section        3  serial.o(.data)
    RxState                                  0x20000015   Data           1  serial.o(.data)
    pRxPacket                                0x20000016   Data           1  serial.o(.data)
    .data                                    0x20000018   Section       52  main.o(.data)
    .data                                    0x2000004c   Section       12  esp8266.o(.data)
    .bss                                     0x20000058   Section      100  serial.o(.bss)
    .bss                                     0x200000bc   Section     1024  oled.o(.bss)
    .bss                                     0x200004bc   Section      256  esp8266.o(.bss)
    .bss                                     0x200005bc   Section       96  libspace.o(.bss)
    HEAP                                     0x20000620   Section      512  startup_stm32f10x_md.o(HEAP)
    Heap_Mem                                 0x20000620   Data         512  startup_stm32f10x_md.o(HEAP)
    STACK                                    0x20000820   Section     1024  startup_stm32f10x_md.o(STACK)
    Stack_Mem                                0x20000820   Data        1024  startup_stm32f10x_md.o(STACK)
    __initial_sp                             0x20000c20   Data           0  startup_stm32f10x_md.o(STACK)

    Global Symbols

    Symbol Name                              Value     Ov Type        Size  Object(Section)

    BuildAttributes$$THM_ISAv4$P$D$K$B$S$PE$A:L22UL41UL21$X:L11$S22US41US21$IEEE1$IW$USESV6$~STKCKD$USESV7$~SHL$OTIME$ROPI$IEEEX$EBA8$UX$STANDARDLIB$REQ8$PRES8$EABIv2 0x00000000   Number         0  anon$$obj.o ABSOLUTE
    __ARM_use_no_argv                        0x00000000   Number         0  main.o ABSOLUTE
    _printf_flags                            0x00000000   Number         0  printf_stubs.o ABSOLUTE
    _printf_return_value                     0x00000000   Number         0  printf_stubs.o ABSOLUTE
    _printf_sizespec                         0x00000000   Number         0  printf_stubs.o ABSOLUTE
    _printf_widthprec                        0x00000000   Number         0  printf_stubs.o ABSOLUTE
    __ARM_exceptions_init                     - Undefined Weak Reference
    __alloca_initialize                       - Undefined Weak Reference
    __arm_fini_                               - Undefined Weak Reference
    __arm_preinit_                            - Undefined Weak Reference
    __cpp_initialize__aeabi_                  - Undefined Weak Reference
    __cxa_finalize                            - Undefined Weak Reference
    __sigvec_lookup                           - Undefined Weak Reference
    _atexit_init                              - Undefined Weak Reference
    _call_atexit_fns                          - Undefined Weak Reference
    _clock_init                               - Undefined Weak Reference
    _fp_trap_init                             - Undefined Weak Reference
    _fp_trap_shutdown                         - Undefined Weak Reference
    _get_lc_collate                           - Undefined Weak Reference
    _get_lc_monetary                          - Undefined Weak Reference
    _get_lc_time                              - Undefined Weak Reference
    _getenv_init                              - Undefined Weak Reference
    _handle_redirection                       - Undefined Weak Reference
    _init_alloc                               - Undefined Weak Reference
    _init_user_alloc                          - Undefined Weak Reference
    _initio                                   - Undefined Weak Reference
    _printf_mbtowc                            - Undefined Weak Reference
    _printf_wc                                - Undefined Weak Reference
    _rand_init                                - Undefined Weak Reference
    _signal_finish                            - Undefined Weak Reference
    _signal_init                              - Undefined Weak Reference
    _terminate_alloc                          - Undefined Weak Reference
    _terminate_user_alloc                     - Undefined Weak Reference
    _terminateio                              - Undefined Weak Reference
    __Vectors_Size                           0x000000ec   Number         0  startup_stm32f10x_md.o ABSOLUTE
    __Vectors                                0x08000000   Data           4  startup_stm32f10x_md.o(RESET)
    __Vectors_End                            0x080000ec   Data           0  startup_stm32f10x_md.o(RESET)
    __main                                   0x080000ed   Thumb Code     8  __main.o(!!!main)
    __scatterload                            0x080000f5   Thumb Code     0  __scatter.o(!!!scatter)
    __scatterload_rt2                        0x080000f5   Thumb Code    44  __scatter.o(!!!scatter)
    __scatterload_rt2_thumb_only             0x080000f5   Thumb Code     0  __scatter.o(!!!scatter)
    __scatterload_null                       0x08000103   Thumb Code     0  __scatter.o(!!!scatter)
    __scatterload_copy                       0x08000129   Thumb Code    26  __scatter_copy.o(!!handler_copy)
    __scatterload_zeroinit                   0x08000145   Thumb Code    28  __scatter_zi.o(!!handler_zi)
    _printf_f                                0x08000161   Thumb Code     0  _printf_f.o(.ARM.Collect$$_printf_percent$$00000003)
    _printf_percent                          0x08000161   Thumb Code     0  _printf_percent.o(.ARM.Collect$$_printf_percent$$00000000)
    _printf_s                                0x08000167   Thumb Code     0  _printf_s.o(.ARM.Collect$$_printf_percent$$00000014)
    _printf_percent_end                      0x0800016d   Thumb Code     0  _printf_percent_end.o(.ARM.Collect$$_printf_percent$$00000017)
    __rt_lib_init                            0x08000171   Thumb Code     0  libinit.o(.ARM.Collect$$libinit$$00000000)
    __rt_lib_init_fp_1                       0x08000173   Thumb Code     0  libinit2.o(.ARM.Collect$$libinit$$00000002)
    __rt_lib_init_heap_1                     0x08000173   Thumb Code     0  libinit2.o(.ARM.Collect$$libinit$$0000000A)
    __rt_lib_init_lc_common                  0x08000173   Thumb Code     0  libinit2.o(.ARM.Collect$$libinit$$0000000F)
    __rt_lib_init_preinit_1                  0x08000173   Thumb Code     0  libinit2.o(.ARM.Collect$$libinit$$00000004)
    __rt_lib_init_rand_1                     0x08000173   Thumb Code     0  libinit2.o(.ARM.Collect$$libinit$$0000000E)
    __rt_lib_init_user_alloc_1               0x08000173   Thumb Code     0  libinit2.o(.ARM.Collect$$libinit$$0000000C)
    __rt_lib_init_lc_collate_1               0x08000179   Thumb Code     0  libinit2.o(.ARM.Collect$$libinit$$00000011)
    __rt_lib_init_lc_ctype_1                 0x08000179   Thumb Code     0  libinit2.o(.ARM.Collect$$libinit$$00000013)
    __rt_lib_init_lc_monetary_1              0x08000179   Thumb Code     0  libinit2.o(.ARM.Collect$$libinit$$00000015)
    __rt_lib_init_lc_numeric_2               0x08000179   Thumb Code     0  libinit2.o(.ARM.Collect$$libinit$$00000016)
    __rt_lib_init_alloca_1                   0x08000183   Thumb Code     0  libinit2.o(.ARM.Collect$$libinit$$0000002E)
    __rt_lib_init_argv_1                     0x08000183   Thumb Code     0  libinit2.o(.ARM.Collect$$libinit$$0000002C)
    __rt_lib_init_atexit_1                   0x08000183   Thumb Code     0  libinit2.o(.ARM.Collect$$libinit$$0000001B)
    __rt_lib_init_clock_1                    0x08000183   Thumb Code     0  libinit2.o(.ARM.Collect$$libinit$$00000021)
    __rt_lib_init_cpp_1                      0x08000183   Thumb Code     0  libinit2.o(.ARM.Collect$$libinit$$00000032)
    __rt_lib_init_exceptions_1               0x08000183   Thumb Code     0  libinit2.o(.ARM.Collect$$libinit$$00000030)
    __rt_lib_init_fp_trap_1                  0x08000183   Thumb Code     0  libinit2.o(.ARM.Collect$$libinit$$0000001F)
    __rt_lib_init_getenv_1                   0x08000183   Thumb Code     0  libinit2.o(.ARM.Collect$$libinit$$00000023)
    __rt_lib_init_lc_numeric_1               0x08000183   Thumb Code     0  libinit2.o(.ARM.Collect$$libinit$$00000017)
    __rt_lib_init_lc_time_1                  0x08000183   Thumb Code     0  libinit2.o(.ARM.Collect$$libinit$$00000019)
    __rt_lib_init_return                     0x08000183   Thumb Code     0  libinit2.o(.ARM.Collect$$libinit$$00000033)
    __rt_lib_init_signal_1                   0x08000183   Thumb Code     0  libinit2.o(.ARM.Collect$$libinit$$0000001D)
    __rt_lib_init_stdio_1                    0x08000183   Thumb Code     0  libinit2.o(.ARM.Collect$$libinit$$00000025)
    __rt_lib_shutdown                        0x08000185   Thumb Code     0  libshutdown.o(.ARM.Collect$$libshutdown$$00000000)
    __rt_lib_shutdown_cpp_1                  0x08000187   Thumb Code     0  libshutdown2.o(.ARM.Collect$$libshutdown$$00000004)
    __rt_lib_shutdown_fini_1                 0x08000187   Thumb Code     0  libshutdown2.o(.ARM.Collect$$libshutdown$$00000002)
    __rt_lib_shutdown_fp_trap_1              0x08000187   Thumb Code     0  libshutdown2.o(.ARM.Collect$$libshutdown$$00000009)
    __rt_lib_shutdown_heap_1                 0x08000187   Thumb Code     0  libshutdown2.o(.ARM.Collect$$libshutdown$$00000011)
    __rt_lib_shutdown_return                 0x08000187   Thumb Code     0  libshutdown2.o(.ARM.Collect$$libshutdown$$00000012)
    __rt_lib_shutdown_signal_1               0x08000187   Thumb Code     0  libshutdown2.o(.ARM.Collect$$libshutdown$$0000000C)
    __rt_lib_shutdown_stdio_1                0x08000187   Thumb Code     0  libshutdown2.o(.ARM.Collect$$libshutdown$$00000006)
    __rt_lib_shutdown_user_alloc_1           0x08000187   Thumb Code     0  libshutdown2.o(.ARM.Collect$$libshutdown$$0000000E)
    __rt_entry                               0x08000189   Thumb Code     0  __rtentry.o(.ARM.Collect$$rtentry$$00000000)
    __rt_entry_presh_1                       0x08000189   Thumb Code     0  __rtentry2.o(.ARM.Collect$$rtentry$$00000002)
    __rt_entry_sh                            0x08000189   Thumb Code     0  __rtentry4.o(.ARM.Collect$$rtentry$$00000004)
    __rt_entry_li                            0x0800018f   Thumb Code     0  __rtentry2.o(.ARM.Collect$$rtentry$$0000000A)
    __rt_entry_postsh_1                      0x0800018f   Thumb Code     0  __rtentry2.o(.ARM.Collect$$rtentry$$00000009)
    __rt_entry_main                          0x08000193   Thumb Code     0  __rtentry2.o(.ARM.Collect$$rtentry$$0000000D)
    __rt_entry_postli_1                      0x08000193   Thumb Code     0  __rtentry2.o(.ARM.Collect$$rtentry$$0000000C)
    __rt_exit                                0x0800019b   Thumb Code     0  rtexit.o(.ARM.Collect$$rtexit$$00000000)
    __rt_exit_ls                             0x0800019d   Thumb Code     0  rtexit2.o(.ARM.Collect$$rtexit$$00000003)
    __rt_exit_prels_1                        0x0800019d   Thumb Code     0  rtexit2.o(.ARM.Collect$$rtexit$$00000002)
    __rt_exit_exit                           0x080001a1   Thumb Code     0  rtexit2.o(.ARM.Collect$$rtexit$$00000004)
    Reset_Handler                            0x080001a9   Thumb Code     8  startup_stm32f10x_md.o(.text)
    ADC1_2_IRQHandler                        0x080001c3   Thumb Code     0  startup_stm32f10x_md.o(.text)
    CAN1_RX1_IRQHandler                      0x080001c3   Thumb Code     0  startup_stm32f10x_md.o(.text)
    CAN1_SCE_IRQHandler                      0x080001c3   Thumb Code     0  startup_stm32f10x_md.o(.text)
    DMA1_Channel1_IRQHandler                 0x080001c3   Thumb Code     0  startup_stm32f10x_md.o(.text)
    DMA1_Channel2_IRQHandler                 0x080001c3   Thumb Code     0  startup_stm32f10x_md.o(.text)
    DMA1_Channel3_IRQHandler                 0x080001c3   Thumb Code     0  startup_stm32f10x_md.o(.text)
    DMA1_Channel4_IRQHandler                 0x080001c3   Thumb Code     0  startup_stm32f10x_md.o(.text)
    DMA1_Channel5_IRQHandler                 0x080001c3   Thumb Code     0  startup_stm32f10x_md.o(.text)
    DMA1_Channel6_IRQHandler                 0x080001c3   Thumb Code     0  startup_stm32f10x_md.o(.text)
    DMA1_Channel7_IRQHandler                 0x080001c3   Thumb Code     0  startup_stm32f10x_md.o(.text)
    EXTI0_IRQHandler                         0x080001c3   Thumb Code     0  startup_stm32f10x_md.o(.text)
    EXTI1_IRQHandler                         0x080001c3   Thumb Code     0  startup_stm32f10x_md.o(.text)
    EXTI2_IRQHandler                         0x080001c3   Thumb Code     0  startup_stm32f10x_md.o(.text)
    EXTI3_IRQHandler                         0x080001c3   Thumb Code     0  startup_stm32f10x_md.o(.text)
    EXTI4_IRQHandler                         0x080001c3   Thumb Code     0  startup_stm32f10x_md.o(.text)
    EXTI9_5_IRQHandler                       0x080001c3   Thumb Code     0  startup_stm32f10x_md.o(.text)
    FLASH_IRQHandler                         0x080001c3   Thumb Code     0  startup_stm32f10x_md.o(.text)
    I2C1_ER_IRQHandler                       0x080001c3   Thumb Code     0  startup_stm32f10x_md.o(.text)
    I2C1_EV_IRQHandler                       0x080001c3   Thumb Code     0  startup_stm32f10x_md.o(.text)
    I2C2_ER_IRQHandler                       0x080001c3   Thumb Code     0  startup_stm32f10x_md.o(.text)
    I2C2_EV_IRQHandler                       0x080001c3   Thumb Code     0  startup_stm32f10x_md.o(.text)
    PVD_IRQHandler                           0x080001c3   Thumb Code     0  startup_stm32f10x_md.o(.text)
    RCC_IRQHandler                           0x080001c3   Thumb Code     0  startup_stm32f10x_md.o(.text)
    RTCAlarm_IRQHandler                      0x080001c3   Thumb Code     0  startup_stm32f10x_md.o(.text)
    RTC_IRQHandler                           0x080001c3   Thumb Code     0  startup_stm32f10x_md.o(.text)
    SPI1_IRQHandler                          0x080001c3   Thumb Code     0  startup_stm32f10x_md.o(.text)
    SPI2_IRQHandler                          0x080001c3   Thumb Code     0  startup_stm32f10x_md.o(.text)
    TAMPER_IRQHandler                        0x080001c3   Thumb Code     0  startup_stm32f10x_md.o(.text)
    TIM1_BRK_IRQHandler                      0x080001c3   Thumb Code     0  startup_stm32f10x_md.o(.text)
    TIM1_CC_IRQHandler                       0x080001c3   Thumb Code     0  startup_stm32f10x_md.o(.text)
    TIM1_TRG_COM_IRQHandler                  0x080001c3   Thumb Code     0  startup_stm32f10x_md.o(.text)
    TIM1_UP_IRQHandler                       0x080001c3   Thumb Code     0  startup_stm32f10x_md.o(.text)
    TIM2_IRQHandler                          0x080001c3   Thumb Code     0  startup_stm32f10x_md.o(.text)
    TIM4_IRQHandler                          0x080001c3   Thumb Code     0  startup_stm32f10x_md.o(.text)
    USART3_IRQHandler                        0x080001c3   Thumb Code     0  startup_stm32f10x_md.o(.text)
    USBWakeUp_IRQHandler                     0x080001c3   Thumb Code     0  startup_stm32f10x_md.o(.text)
    USB_HP_CAN1_TX_IRQHandler                0x080001c3   Thumb Code     0  startup_stm32f10x_md.o(.text)
    USB_LP_CAN1_RX0_IRQHandler               0x080001c3   Thumb Code     0  startup_stm32f10x_md.o(.text)
    WWDG_IRQHandler                          0x080001c3   Thumb Code     0  startup_stm32f10x_md.o(.text)
    __user_initial_stackheap                 0x080001c5   Thumb Code     0  startup_stm32f10x_md.o(.text)
    __2sprintf                               0x080001e9   Thumb Code    38  __2sprintf.o(.text)
    _printf_str                              0x08000215   Thumb Code    82  _printf_str.o(.text)
    __printf                                 0x08000269   Thumb Code   388  __printf_flags_ss_wp.o(.text)
    strchr                                   0x080003f1   Thumb Code    20  strchr.o(.text)
    strstr                                   0x08000405   Thumb Code    36  strstr.o(.text)
    strrchr                                  0x08000429   Thumb Code    22  strrchr.o(.text)
    strlen                                   0x0800043f   Thumb Code    62  strlen.o(.text)
    __aeabi_memclr                           0x0800047d   Thumb Code     0  rt_memclr.o(.text)
    __rt_memclr                              0x0800047d   Thumb Code    68  rt_memclr.o(.text)
    _memset                                  0x08000481   Thumb Code     0  rt_memclr.o(.text)
    __aeabi_memclr4                          0x080004c1   Thumb Code     0  rt_memclr_w.o(.text)
    __aeabi_memclr8                          0x080004c1   Thumb Code     0  rt_memclr_w.o(.text)
    __rt_memclr_w                            0x080004c1   Thumb Code    78  rt_memclr_w.o(.text)
    _memset_w                                0x080004c5   Thumb Code     0  rt_memclr_w.o(.text)
    strncpy                                  0x0800050f   Thumb Code    86  strncpy.o(.text)
    strcmp                                   0x08000565   Thumb Code   128  strcmpv7m.o(.text)
    __use_two_region_memory                  0x080005e5   Thumb Code     2  heapauxi.o(.text)
    __rt_heap_escrow$2region                 0x080005e7   Thumb Code     2  heapauxi.o(.text)
    __rt_heap_expand$2region                 0x080005e9   Thumb Code     2  heapauxi.o(.text)
    __read_errno                             0x080005eb   Thumb Code    10  _rserrno.o(.text)
    __set_errno                              0x080005f5   Thumb Code    12  _rserrno.o(.text)
    __lib_sel_fp_printf                      0x08000601   Thumb Code     2  _printf_fp_dec.o(.text)
    _printf_fp_dec_real                      0x080007b3   Thumb Code   620  _printf_fp_dec.o(.text)
    _printf_char_common                      0x08000a2b   Thumb Code    32  _printf_char_common.o(.text)
    _sputc                                   0x08000a51   Thumb Code    10  _sputc.o(.text)
    _printf_cs_common                        0x08000a5b   Thumb Code    20  _printf_char.o(.text)
    _printf_char                             0x08000a6f   Thumb Code    16  _printf_char.o(.text)
    _printf_string                           0x08000a7f   Thumb Code     8  _printf_char.o(.text)
    __rt_locale                              0x08000a89   Thumb Code     8  rt_locale_intlibspace.o(.text)
    __aeabi_errno_addr                       0x08000a91   Thumb Code     8  rt_errno_addr_intlibspace.o(.text)
    __errno$intlibspace                      0x08000a91   Thumb Code     0  rt_errno_addr_intlibspace.o(.text)
    __rt_errno_addr$intlibspace              0x08000a91   Thumb Code     0  rt_errno_addr_intlibspace.o(.text)
    _ll_udiv10                               0x08000a99   Thumb Code   138  lludiv10.o(.text)
    _printf_fp_infnan                        0x08000b25   Thumb Code   112  _printf_fp_infnan.o(.text)
    _btod_etento                             0x08000ba5   Thumb Code   224  bigflt0.o(.text)
    __user_libspace                          0x08000c89   Thumb Code     8  libspace.o(.text)
    __user_perproc_libspace                  0x08000c89   Thumb Code     0  libspace.o(.text)
    __user_perthread_libspace                0x08000c89   Thumb Code     0  libspace.o(.text)
    __user_setup_stackheap                   0x08000c91   Thumb Code    74  sys_stackheap_outer.o(.text)
    exit                                     0x08000cdb   Thumb Code    18  exit.o(.text)
    _sys_exit                                0x08000ced   Thumb Code     8  sys_exit.o(.text)
    __I$use$semihosting                      0x08000cf9   Thumb Code     0  use_no_semi.o(.text)
    __use_no_semihosting_swi                 0x08000cf9   Thumb Code     2  use_no_semi.o(.text)
    __semihosting_library_function           0x08000cfb   Thumb Code     0  indicate_semi.o(.text)
    _btod_d2e                                0x08000cfb   Thumb Code    62  btod.o(CL$$btod_d2e)
    _d2e_denorm_low                          0x08000d39   Thumb Code    70  btod.o(CL$$btod_d2e_denorm_low)
    _d2e_norm_op1                            0x08000d7f   Thumb Code    96  btod.o(CL$$btod_d2e_norm_op1)
    __btod_div_common                        0x08000ddf   Thumb Code   696  btod.o(CL$$btod_div_common)
    _e2e                                     0x08001117   Thumb Code   220  btod.o(CL$$btod_e2e)
    _btod_ediv                               0x080011f3   Thumb Code    42  btod.o(CL$$btod_ediv)
    _btod_emul                               0x0800121d   Thumb Code    42  btod.o(CL$$btod_emul)
    __btod_mult_common                       0x08001247   Thumb Code   580  btod.o(CL$$btod_mult_common)
    BusFault_Handler                         0x0800148b   Thumb Code     4  stm32f10x_it.o(i.BusFault_Handler)
    DHT11_GPIO_Config                        0x08001491   Thumb Code    46  dht11.o(i.DHT11_GPIO_Config)
    DebugMon_Handler                         0x08001505   Thumb Code     2  stm32f10x_it.o(i.DebugMon_Handler)
    Delay_ms                                 0x08001507   Thumb Code    24  delay.o(i.Delay_ms)
    Delay_us                                 0x0800151f   Thumb Code    46  delay.o(i.Delay_us)
    ESP8266_Clear                            0x0800154d   Thumb Code    20  esp8266.o(i.ESP8266_Clear)
    ESP8266_GetIPD                           0x08001569   Thumb Code    86  esp8266.o(i.ESP8266_GetIPD)
    ESP8266_Init                             0x080015d5   Thumb Code   210  esp8266.o(i.ESP8266_Init)
    ESP8266_SendCmd                          0x08001759   Thumb Code    76  esp8266.o(i.ESP8266_SendCmd)
    ESP8266_Send_DHT11_Data                  0x080017ad   Thumb Code    52  esp8266.o(i.ESP8266_Send_DHT11_Data)
    ESP8266_Send_all_Data                    0x080017ed   Thumb Code   134  esp8266.o(i.ESP8266_Send_all_Data)
    ESP8266_Send_fan_Data                    0x08001899   Thumb Code    54  esp8266.o(i.ESP8266_Send_fan_Data)
    ESP8266_Send_fire_Data                   0x080018ed   Thumb Code    54  esp8266.o(i.ESP8266_Send_fire_Data)
    ESP8266_Send_one_Data                    0x08001941   Thumb Code    54  esp8266.o(i.ESP8266_Send_one_Data)
    ESP8266_Send_three_Data                  0x08001995   Thumb Code    54  esp8266.o(i.ESP8266_Send_three_Data)
    ESP8266_Send_two_Data                    0x080019e9   Thumb Code    54  esp8266.o(i.ESP8266_Send_two_Data)
    ESP8266_WaitRecive                       0x08001a3d   Thumb Code    42  esp8266.o(i.ESP8266_WaitRecive)
    EXTI15_10_IRQHandler                     0x08001a71   Thumb Code     2  infraredsensor.o(i.EXTI15_10_IRQHandler)
    Eyshow                                   0x08001a75   Thumb Code   174  main.o(i.Eyshow)
    Fan_Init                                 0x08001b31   Thumb Code    62  fan.o(i.Fan_Init)
    Fan_OFF                                  0x08001b79   Thumb Code    12  fan.o(i.Fan_OFF)
    Fan_ON                                   0x08001b89   Thumb Code    12  fan.o(i.Fan_ON)
    Fire_Get                                 0x08001b99   Thumb Code    12  fire.o(i.Fire_Get)
    Fire_Init                                0x08001ba9   Thumb Code    38  fire.o(i.Fire_Init)
    GPIO_Init                                0x08001bd5   Thumb Code   278  stm32f10x_gpio.o(i.GPIO_Init)
    GPIO_PinRemapConfig                      0x08001ced   Thumb Code   138  stm32f10x_gpio.o(i.GPIO_PinRemapConfig)
    GPIO_ReadInputDataBit                    0x08001d7d   Thumb Code    18  stm32f10x_gpio.o(i.GPIO_ReadInputDataBit)
    GPIO_ResetBits                           0x08001d8f   Thumb Code     4  stm32f10x_gpio.o(i.GPIO_ResetBits)
    GPIO_SetBits                             0x08001d93   Thumb Code     4  stm32f10x_gpio.o(i.GPIO_SetBits)
    GPIO_WriteBit                            0x08001d97   Thumb Code    10  stm32f10x_gpio.o(i.GPIO_WriteBit)
    HardFault_Handler                        0x08001da1   Thumb Code     4  stm32f10x_it.o(i.HardFault_Handler)
    MemManage_Handler                        0x08001da5   Thumb Code     4  stm32f10x_it.o(i.MemManage_Handler)
    NMI_Handler                              0x08001da9   Thumb Code     2  stm32f10x_it.o(i.NMI_Handler)
    NVIC_Init                                0x08001dad   Thumb Code   100  misc.o(i.NVIC_Init)
    NVIC_PriorityGroupConfig                 0x08001e1d   Thumb Code    10  misc.o(i.NVIC_PriorityGroupConfig)
    OLED_Clear                               0x08001e31   Thumb Code    36  oled.o(i.OLED_Clear)
    OLED_ClearArea                           0x08001e59   Thumb Code   140  oled.o(i.OLED_ClearArea)
    OLED_DrawPoint                           0x08001ee9   Thumb Code    76  oled.o(i.OLED_DrawPoint)
    OLED_DrawRectangle                       0x08001f39   Thumb Code   142  oled.o(i.OLED_DrawRectangle)
    OLED_DrawRoundedRectangle                0x08001fc7   Thumb Code   644  oled.o(i.OLED_DrawRoundedRectangle)
    OLED_GPIO_Init                           0x0800224d   Thumb Code    92  oled.o(i.OLED_GPIO_Init)
    OLED_I2C_SendByte                        0x080022ad   Thumb Code    62  oled.o(i.OLED_I2C_SendByte)
    OLED_I2C_Start                           0x080022eb   Thumb Code    28  oled.o(i.OLED_I2C_Start)
    OLED_I2C_Stop                            0x08002307   Thumb Code    22  oled.o(i.OLED_I2C_Stop)
    OLED_Init                                0x0800231d   Thumb Code   154  oled.o(i.OLED_Init)
    OLED_Pow                                 0x080023b7   Thumb Code    20  oled.o(i.OLED_Pow)
    OLED_SetCursor                           0x080023cb   Thumb Code    34  oled.o(i.OLED_SetCursor)
    OLED_ShowChar                            0x080023ed   Thumb Code    74  oled.o(i.OLED_ShowChar)
    OLED_ShowImage                           0x08002441   Thumb Code   248  oled.o(i.OLED_ShowImage)
    OLED_ShowNum                             0x0800253d   Thumb Code    76  oled.o(i.OLED_ShowNum)
    OLED_ShowString                          0x08002589   Thumb Code   262  oled.o(i.OLED_ShowString)
    OLED_Update                              0x08002699   Thumb Code    36  oled.o(i.OLED_Update)
    OLED_W_SCL                               0x080026c1   Thumb Code    18  oled.o(i.OLED_W_SCL)
    OLED_W_SDA                               0x080026d9   Thumb Code    18  oled.o(i.OLED_W_SDA)
    OLED_WriteCommand                        0x080026f1   Thumb Code    32  oled.o(i.OLED_WriteCommand)
    OLED_WriteData                           0x08002711   Thumb Code    46  oled.o(i.OLED_WriteData)
    PWM_Init                                 0x08002741   Thumb Code   146  pwm.o(i.PWM_Init)
    PWM_SetCompare2                          0x080027d9   Thumb Code    16  pwm.o(i.PWM_SetCompare2)
    PendSV_Handler                           0x080027e9   Thumb Code     2  stm32f10x_it.o(i.PendSV_Handler)
    ProcessCommand                           0x080027ed   Thumb Code   372  main.o(i.ProcessCommand)
    ProcessESP8266Data                       0x080029d5   Thumb Code   450  main.o(i.ProcessESP8266Data)
    RCC_APB1PeriphClockCmd                   0x08002c41   Thumb Code    26  stm32f10x_rcc.o(i.RCC_APB1PeriphClockCmd)
    RCC_APB2PeriphClockCmd                   0x08002c61   Thumb Code    26  stm32f10x_rcc.o(i.RCC_APB2PeriphClockCmd)
    RCC_GetClocksFreq                        0x08002c81   Thumb Code   192  stm32f10x_rcc.o(i.RCC_GetClocksFreq)
    Read_DHT11                               0x08002db5   Thumb Code   154  dht11.o(i.Read_DHT11)
    SVC_Handler                              0x08002e55   Thumb Code     2  stm32f10x_it.o(i.SVC_Handler)
    Serial_Init                              0x08002e59   Thumb Code   174  serial.o(i.Serial_Init)
    Servo_Init                               0x08002f11   Thumb Code     8  servo.o(i.Servo_Init)
    Servo_SetAngle                           0x08002f19   Thumb Code    48  servo.o(i.Servo_SetAngle)
    SysTick_Handler                          0x0800303d   Thumb Code     2  stm32f10x_it.o(i.SysTick_Handler)
    SystemInit                               0x08003041   Thumb Code    78  system_stm32f10x.o(i.SystemInit)
    TIM3_IRQHandler                          0x080030a1   Thumb Code    34  main.o(i.TIM3_IRQHandler)
    TIM_ClearFlag                            0x080030cd   Thumb Code     6  stm32f10x_tim.o(i.TIM_ClearFlag)
    TIM_ClearITPendingBit                    0x080030d3   Thumb Code     6  stm32f10x_tim.o(i.TIM_ClearITPendingBit)
    TIM_Cmd                                  0x080030d9   Thumb Code    24  stm32f10x_tim.o(i.TIM_Cmd)
    TIM_GetITStatus                          0x080030f1   Thumb Code    34  stm32f10x_tim.o(i.TIM_GetITStatus)
    TIM_ITConfig                             0x08003113   Thumb Code    18  stm32f10x_tim.o(i.TIM_ITConfig)
    TIM_InternalClockConfig                  0x08003125   Thumb Code    12  stm32f10x_tim.o(i.TIM_InternalClockConfig)
    TIM_OC2Init                              0x08003131   Thumb Code   154  stm32f10x_tim.o(i.TIM_OC2Init)
    TIM_OCStructInit                         0x080031d5   Thumb Code    20  stm32f10x_tim.o(i.TIM_OCStructInit)
    TIM_SetCompare2                          0x080031e9   Thumb Code     4  stm32f10x_tim.o(i.TIM_SetCompare2)
    TIM_TimeBaseInit                         0x080031ed   Thumb Code   122  stm32f10x_tim.o(i.TIM_TimeBaseInit)
    Timer3_Init                              0x08003291   Thumb Code   122  timer.o(i.Timer3_Init)
    USART1_IRQHandler                        0x08003311   Thumb Code   140  serial.o(i.USART1_IRQHandler)
    USART2_IRQHandler                        0x080033b1   Thumb Code    62  esp8266.o(i.USART2_IRQHandler)
    USART_ClearFlag                          0x080033fd   Thumb Code    18  stm32f10x_usart.o(i.USART_ClearFlag)
    USART_ClearITPendingBit                  0x0800340f   Thumb Code    30  stm32f10x_usart.o(i.USART_ClearITPendingBit)
    USART_Cmd                                0x0800342d   Thumb Code    24  stm32f10x_usart.o(i.USART_Cmd)
    USART_GetFlagStatus                      0x08003445   Thumb Code    26  stm32f10x_usart.o(i.USART_GetFlagStatus)
    USART_GetITStatus                        0x0800345f   Thumb Code    84  stm32f10x_usart.o(i.USART_GetITStatus)
    USART_ITConfig                           0x080034b3   Thumb Code    74  stm32f10x_usart.o(i.USART_ITConfig)
    USART_Init                               0x080034fd   Thumb Code   210  stm32f10x_usart.o(i.USART_Init)
    USART_ReceiveData                        0x080035d5   Thumb Code    10  stm32f10x_usart.o(i.USART_ReceiveData)
    USART_SendData                           0x080035df   Thumb Code     8  stm32f10x_usart.o(i.USART_SendData)
    UpdateOLED                               0x080035e9   Thumb Code   676  main.o(i.UpdateOLED)
    UsageFault_Handler                       0x080038f1   Thumb Code     4  stm32f10x_it.o(i.UsageFault_Handler)
    Usart2_Init                              0x080038f5   Thumb Code   158  usart.o(i.Usart2_Init)
    Usart_SendString                         0x0800399d   Thumb Code    50  usart.o(i.Usart_SendString)
    __ARM_fpclassify                         0x080039cf   Thumb Code    40  fpclassify.o(i.__ARM_fpclassify)
    __kernel_poly                            0x080039f7   Thumb Code   170  poly.o(i.__kernel_poly)
    __mathlib_dbl_divzero                    0x08003aa1   Thumb Code    12  dunder.o(i.__mathlib_dbl_divzero)
    __mathlib_dbl_infnan2                    0x08003ab1   Thumb Code     4  dunder.o(i.__mathlib_dbl_infnan2)
    __mathlib_dbl_invalid                    0x08003ab5   Thumb Code    12  dunder.o(i.__mathlib_dbl_invalid)
    __mathlib_dbl_overflow                   0x08003ac1   Thumb Code    14  dunder.o(i.__mathlib_dbl_overflow)
    __mathlib_dbl_underflow                  0x08003ad1   Thumb Code    10  dunder.o(i.__mathlib_dbl_underflow)
    _is_digit                                0x08003ae1   Thumb Code    14  __printf_wp.o(i._is_digit)
    extractJsonValue                         0x08003af1   Thumb Code   148  esp8266.o(i.extractJsonValue)
    main                                     0x08003b8d   Thumb Code   308  main.o(i.main)
    pow                                      0x08003ced   Thumb Code  2512  pow.o(i.pow)
    sqrt                                     0x080046c5   Thumb Code    76  sqrt.o(i.sqrt)
    _get_lc_numeric                          0x08004711   Thumb Code    44  lc_numeric_c.o(locale$$code)
    __aeabi_dadd                             0x0800473d   Thumb Code     0  daddsub_clz.o(x$fpl$dadd)
    _dadd                                    0x0800473d   Thumb Code   332  daddsub_clz.o(x$fpl$dadd)
    __fpl_dcheck_NaN1                        0x0800488d   Thumb Code    10  dcheck1.o(x$fpl$dcheck1)
    __fpl_dcmp_Inf                           0x0800489d   Thumb Code    24  dcmpi.o(x$fpl$dcmpinf)
    __aeabi_ddiv                             0x080048b5   Thumb Code     0  ddiv.o(x$fpl$ddiv)
    _ddiv                                    0x080048b5   Thumb Code   552  ddiv.o(x$fpl$ddiv)
    __aeabi_d2iz                             0x08004b65   Thumb Code     0  dfix.o(x$fpl$dfix)
    _dfix                                    0x08004b65   Thumb Code    94  dfix.o(x$fpl$dfix)
    __aeabi_i2d                              0x08004bc3   Thumb Code     0  dflt_clz.o(x$fpl$dflt)
    _dflt                                    0x08004bc3   Thumb Code    46  dflt_clz.o(x$fpl$dflt)
    __aeabi_ui2d                             0x08004bf1   Thumb Code     0  dflt_clz.o(x$fpl$dfltu)
    _dfltu                                   0x08004bf1   Thumb Code    38  dflt_clz.o(x$fpl$dfltu)
    __aeabi_cdcmple                          0x08004c19   Thumb Code     0  dleqf.o(x$fpl$dleqf)
    _dcmple                                  0x08004c19   Thumb Code   120  dleqf.o(x$fpl$dleqf)
    __fpl_dcmple_InfNaN                      0x08004c7b   Thumb Code     0  dleqf.o(x$fpl$dleqf)
    __aeabi_dmul                             0x08004c91   Thumb Code     0  dmul.o(x$fpl$dmul)
    _dmul                                    0x08004c91   Thumb Code   332  dmul.o(x$fpl$dmul)
    __fpl_dnaninf                            0x08004de5   Thumb Code   156  dnaninf.o(x$fpl$dnaninf)
    __fpl_dretinf                            0x08004e81   Thumb Code    12  dretinf.o(x$fpl$dretinf)
    __aeabi_cdrcmple                         0x08004e8d   Thumb Code     0  drleqf.o(x$fpl$drleqf)
    _drcmple                                 0x08004e8d   Thumb Code   108  drleqf.o(x$fpl$drleqf)
    __aeabi_drsub                            0x08004ef9   Thumb Code     0  daddsub_clz.o(x$fpl$drsb)
    _drsb                                    0x08004ef9   Thumb Code    22  daddsub_clz.o(x$fpl$drsb)
    _dsqrt                                   0x08004f11   Thumb Code   456  dsqrt_noumaal.o(x$fpl$dsqrt)
    __aeabi_dsub                             0x080050dd   Thumb Code     0  daddsub_clz.o(x$fpl$dsub)
    _dsub                                    0x080050dd   Thumb Code   464  daddsub_clz.o(x$fpl$dsub)
    __aeabi_fadd                             0x080052b1   Thumb Code     0  faddsub_clz.o(x$fpl$fadd)
    _fadd                                    0x080052b1   Thumb Code   196  faddsub_clz.o(x$fpl$fadd)
    __aeabi_fdiv                             0x08005375   Thumb Code     0  fdiv.o(x$fpl$fdiv)
    _fdiv                                    0x08005375   Thumb Code   384  fdiv.o(x$fpl$fdiv)
    __aeabi_f2uiz                            0x080054f9   Thumb Code     0  ffixu.o(x$fpl$ffixu)
    _ffixu                                   0x080054f9   Thumb Code    62  ffixu.o(x$fpl$ffixu)
    __aeabi_fmul                             0x08005539   Thumb Code     0  fmul.o(x$fpl$fmul)
    _fmul                                    0x08005539   Thumb Code   258  fmul.o(x$fpl$fmul)
    __fpl_fnaninf                            0x0800563b   Thumb Code   140  fnaninf.o(x$fpl$fnaninf)
    __fpl_fretinf                            0x080056c7   Thumb Code    10  fretinf.o(x$fpl$fretinf)
    __aeabi_fsub                             0x080056d1   Thumb Code     0  faddsub_clz.o(x$fpl$fsub)
    _fsub                                    0x080056d1   Thumb Code   234  faddsub_clz.o(x$fpl$fsub)
    _printf_fp_dec                           0x080057bb   Thumb Code     4  printf1.o(x$fpl$printf1)
    __fpl_return_NaN                         0x080057bf   Thumb Code   100  retnan.o(x$fpl$retnan)
    __ARM_scalbn                             0x08005823   Thumb Code    92  scalbn.o(x$fpl$scalbn)
    __fpl_cmpreturn                          0x0800587f   Thumb Code    48  trapv.o(x$fpl$trapveneer)
    OLED_F8x16                               0x080058ae   Data        1520  oled_data.o(.constdata)
    __I$use$fp                               0x080058ae   Number         0  usenofp.o(x$fpl$usenofp)
    OLED_F6x8                                0x08005e9e   Data         570  oled_data.o(.constdata)
    OLED_CF16x16                             0x080060d8   Data         735  oled_data.o(.constdata)
    Diode                                    0x080063b7   Data          32  oled_data.o(.constdata)
    close                                    0x080063d7   Data          76  oled_data.o(.constdata)
    open                                     0x08006423   Data          76  oled_data.o(.constdata)
    fire                                     0x0800646f   Data          64  oled_data.o(.constdata)
    fan                                      0x080064af   Data          64  oled_data.o(.constdata)
    smile                                    0x080064ef   Data          64  oled_data.o(.constdata)
    __mathlib_zero                           0x080065c8   Data           8  qnan.o(.constdata)
    Region$$Table$$Base                      0x08006974   Number         0  anon$$obj.o(Region$$Table)
    Region$$Table$$Limit                     0x08006994   Number         0  anon$$obj.o(Region$$Table)
    Serial_RxFlag                            0x20000014   Data           1  serial.o(.data)
    eye_height                               0x20000018   Data           2  main.o(.data)
    blinking                                 0x2000001a   Data           2  main.o(.data)
    one_s                                    0x2000001c   Data           2  main.o(.data)
    two_s                                    0x2000001e   Data           2  main.o(.data)
    three_s                                  0x20000020   Data           2  main.o(.data)
    fan_s                                    0x20000022   Data           2  main.o(.data)
    fire_s                                   0x20000024   Data           2  main.o(.data)
    dataPtr                                  0x20000028   Data           4  main.o(.data)
    DHT11_Data                               0x2000002c   Data           5  main.o(.data)
    humidityH                                0x20000031   Data           1  main.o(.data)
    humidityL                                0x20000032   Data           1  main.o(.data)
    temperatureH                             0x20000033   Data           1  main.o(.data)
    temperatureL                             0x20000034   Data           1  main.o(.data)
    humi                                     0x20000038   Data           8  main.o(.data)
    temp                                     0x20000040   Data           8  main.o(.data)
    readCounter                              0x20000048   Data           2  main.o(.data)
    EyCounter                                0x2000004a   Data           2  main.o(.data)
    esp8266_cnt                              0x2000004c   Data           2  esp8266.o(.data)
    esp8266_cntPre                           0x2000004e   Data           2  esp8266.o(.data)
    pubtopic                                 0x20000050   Data           4  esp8266.o(.data)
    pubtopic2                                0x20000054   Data           4  esp8266.o(.data)
    Serial_RxPacket                          0x20000058   Data         100  serial.o(.bss)
    OLED_DisplayBuf                          0x200000bc   Data        1024  oled.o(.bss)
    esp8266_buf                              0x200004bc   Data         256  esp8266.o(.bss)
    __libspace_start                         0x200005bc   Data          96  libspace.o(.bss)
    __temporary_stack_top$libspace           0x2000061c   Data           0  libspace.o(.bss)



==============================================================================

Memory Map of the image

  Image Entry point : 0x080000ed

  Load Region LR_IROM1 (Base: 0x08000000, Size: 0x00006a08, Max: 0x00010000, ABSOLUTE)

    Execution Region ER_IROM1 (Exec base: 0x08000000, Load base: 0x08000000, Size: 0x000069b0, Max: 0x00010000, ABSOLUTE)

    Exec Addr    Load Addr    Size         Type   Attr      Idx    E Section Name        Object

    0x08000000   0x08000000   0x000000ec   Data   RO            3    RESET               startup_stm32f10x_md.o
    0x080000ec   0x080000ec   0x00000008   Code   RO         4064  * !!!main             c_w.l(__main.o)
    0x080000f4   0x080000f4   0x00000034   Code   RO         4504    !!!scatter          c_w.l(__scatter.o)
    0x08000128   0x08000128   0x0000001a   Code   RO         4506    !!handler_copy      c_w.l(__scatter_copy.o)
    0x08000142   0x08000142   0x00000002   PAD
    0x08000144   0x08000144   0x0000001c   Code   RO         4508    !!handler_zi        c_w.l(__scatter_zi.o)
    0x08000160   0x08000160   0x00000000   Code   RO         4045    .ARM.Collect$$_printf_percent$$00000000  c_w.l(_printf_percent.o)
    0x08000160   0x08000160   0x00000006   Code   RO         4044    .ARM.Collect$$_printf_percent$$00000003  c_w.l(_printf_f.o)
    0x08000166   0x08000166   0x00000006   Code   RO         4043    .ARM.Collect$$_printf_percent$$00000014  c_w.l(_printf_s.o)
    0x0800016c   0x0800016c   0x00000004   Code   RO         4216    .ARM.Collect$$_printf_percent$$00000017  c_w.l(_printf_percent_end.o)
    0x08000170   0x08000170   0x00000002   Code   RO         4368    .ARM.Collect$$libinit$$00000000  c_w.l(libinit.o)
    0x08000172   0x08000172   0x00000000   Code   RO         4370    .ARM.Collect$$libinit$$00000002  c_w.l(libinit2.o)
    0x08000172   0x08000172   0x00000000   Code   RO         4372    .ARM.Collect$$libinit$$00000004  c_w.l(libinit2.o)
    0x08000172   0x08000172   0x00000000   Code   RO         4375    .ARM.Collect$$libinit$$0000000A  c_w.l(libinit2.o)
    0x08000172   0x08000172   0x00000000   Code   RO         4377    .ARM.Collect$$libinit$$0000000C  c_w.l(libinit2.o)
    0x08000172   0x08000172   0x00000000   Code   RO         4379    .ARM.Collect$$libinit$$0000000E  c_w.l(libinit2.o)
    0x08000172   0x08000172   0x00000006   Code   RO         4380    .ARM.Collect$$libinit$$0000000F  c_w.l(libinit2.o)
    0x08000178   0x08000178   0x00000000   Code   RO         4382    .ARM.Collect$$libinit$$00000011  c_w.l(libinit2.o)
    0x08000178   0x08000178   0x00000000   Code   RO         4384    .ARM.Collect$$libinit$$00000013  c_w.l(libinit2.o)
    0x08000178   0x08000178   0x00000000   Code   RO         4386    .ARM.Collect$$libinit$$00000015  c_w.l(libinit2.o)
    0x08000178   0x08000178   0x0000000a   Code   RO         4387    .ARM.Collect$$libinit$$00000016  c_w.l(libinit2.o)
    0x08000182   0x08000182   0x00000000   Code   RO         4388    .ARM.Collect$$libinit$$00000017  c_w.l(libinit2.o)
    0x08000182   0x08000182   0x00000000   Code   RO         4390    .ARM.Collect$$libinit$$00000019  c_w.l(libinit2.o)
    0x08000182   0x08000182   0x00000000   Code   RO         4392    .ARM.Collect$$libinit$$0000001B  c_w.l(libinit2.o)
    0x08000182   0x08000182   0x00000000   Code   RO         4394    .ARM.Collect$$libinit$$0000001D  c_w.l(libinit2.o)
    0x08000182   0x08000182   0x00000000   Code   RO         4396    .ARM.Collect$$libinit$$0000001F  c_w.l(libinit2.o)
    0x08000182   0x08000182   0x00000000   Code   RO         4398    .ARM.Collect$$libinit$$00000021  c_w.l(libinit2.o)
    0x08000182   0x08000182   0x00000000   Code   RO         4400    .ARM.Collect$$libinit$$00000023  c_w.l(libinit2.o)
    0x08000182   0x08000182   0x00000000   Code   RO         4402    .ARM.Collect$$libinit$$00000025  c_w.l(libinit2.o)
    0x08000182   0x08000182   0x00000000   Code   RO         4406    .ARM.Collect$$libinit$$0000002C  c_w.l(libinit2.o)
    0x08000182   0x08000182   0x00000000   Code   RO         4408    .ARM.Collect$$libinit$$0000002E  c_w.l(libinit2.o)
    0x08000182   0x08000182   0x00000000   Code   RO         4410    .ARM.Collect$$libinit$$00000030  c_w.l(libinit2.o)
    0x08000182   0x08000182   0x00000000   Code   RO         4412    .ARM.Collect$$libinit$$00000032  c_w.l(libinit2.o)
    0x08000182   0x08000182   0x00000002   Code   RO         4413    .ARM.Collect$$libinit$$00000033  c_w.l(libinit2.o)
    0x08000184   0x08000184   0x00000002   Code   RO         4450    .ARM.Collect$$libshutdown$$00000000  c_w.l(libshutdown.o)
    0x08000186   0x08000186   0x00000000   Code   RO         4461    .ARM.Collect$$libshutdown$$00000002  c_w.l(libshutdown2.o)
    0x08000186   0x08000186   0x00000000   Code   RO         4463    .ARM.Collect$$libshutdown$$00000004  c_w.l(libshutdown2.o)
    0x08000186   0x08000186   0x00000000   Code   RO         4465    .ARM.Collect$$libshutdown$$00000006  c_w.l(libshutdown2.o)
    0x08000186   0x08000186   0x00000000   Code   RO         4468    .ARM.Collect$$libshutdown$$00000009  c_w.l(libshutdown2.o)
    0x08000186   0x08000186   0x00000000   Code   RO         4471    .ARM.Collect$$libshutdown$$0000000C  c_w.l(libshutdown2.o)
    0x08000186   0x08000186   0x00000000   Code   RO         4473    .ARM.Collect$$libshutdown$$0000000E  c_w.l(libshutdown2.o)
    0x08000186   0x08000186   0x00000000   Code   RO         4476    .ARM.Collect$$libshutdown$$00000011  c_w.l(libshutdown2.o)
    0x08000186   0x08000186   0x00000002   Code   RO         4477    .ARM.Collect$$libshutdown$$00000012  c_w.l(libshutdown2.o)
    0x08000188   0x08000188   0x00000000   Code   RO         4152    .ARM.Collect$$rtentry$$00000000  c_w.l(__rtentry.o)
    0x08000188   0x08000188   0x00000000   Code   RO         4283    .ARM.Collect$$rtentry$$00000002  c_w.l(__rtentry2.o)
    0x08000188   0x08000188   0x00000006   Code   RO         4295    .ARM.Collect$$rtentry$$00000004  c_w.l(__rtentry4.o)
    0x0800018e   0x0800018e   0x00000000   Code   RO         4285    .ARM.Collect$$rtentry$$00000009  c_w.l(__rtentry2.o)
    0x0800018e   0x0800018e   0x00000004   Code   RO         4286    .ARM.Collect$$rtentry$$0000000A  c_w.l(__rtentry2.o)
    0x08000192   0x08000192   0x00000000   Code   RO         4288    .ARM.Collect$$rtentry$$0000000C  c_w.l(__rtentry2.o)
    0x08000192   0x08000192   0x00000008   Code   RO         4289    .ARM.Collect$$rtentry$$0000000D  c_w.l(__rtentry2.o)
    0x0800019a   0x0800019a   0x00000002   Code   RO         4416    .ARM.Collect$$rtexit$$00000000  c_w.l(rtexit.o)
    0x0800019c   0x0800019c   0x00000000   Code   RO         4428    .ARM.Collect$$rtexit$$00000002  c_w.l(rtexit2.o)
    0x0800019c   0x0800019c   0x00000004   Code   RO         4429    .ARM.Collect$$rtexit$$00000003  c_w.l(rtexit2.o)
    0x080001a0   0x080001a0   0x00000006   Code   RO         4430    .ARM.Collect$$rtexit$$00000004  c_w.l(rtexit2.o)
    0x080001a6   0x080001a6   0x00000002   PAD
    0x080001a8   0x080001a8   0x00000040   Code   RO            4    .text               startup_stm32f10x_md.o
    0x080001e8   0x080001e8   0x0000002c   Code   RO         4015    .text               c_w.l(__2sprintf.o)
    0x08000214   0x08000214   0x00000052   Code   RO         4021    .text               c_w.l(_printf_str.o)
    0x08000266   0x08000266   0x00000002   PAD
    0x08000268   0x08000268   0x00000188   Code   RO         4040    .text               c_w.l(__printf_flags_ss_wp.o)
    0x080003f0   0x080003f0   0x00000014   Code   RO         4046    .text               c_w.l(strchr.o)
    0x08000404   0x08000404   0x00000024   Code   RO         4048    .text               c_w.l(strstr.o)
    0x08000428   0x08000428   0x00000016   Code   RO         4050    .text               c_w.l(strrchr.o)
    0x0800043e   0x0800043e   0x0000003e   Code   RO         4052    .text               c_w.l(strlen.o)
    0x0800047c   0x0800047c   0x00000044   Code   RO         4054    .text               c_w.l(rt_memclr.o)
    0x080004c0   0x080004c0   0x0000004e   Code   RO         4056    .text               c_w.l(rt_memclr_w.o)
    0x0800050e   0x0800050e   0x00000056   Code   RO         4058    .text               c_w.l(strncpy.o)
    0x08000564   0x08000564   0x00000080   Code   RO         4060    .text               c_w.l(strcmpv7m.o)
    0x080005e4   0x080005e4   0x00000006   Code   RO         4062    .text               c_w.l(heapauxi.o)
    0x080005ea   0x080005ea   0x00000016   Code   RO         4153    .text               c_w.l(_rserrno.o)
    0x08000600   0x08000600   0x0000041e   Code   RO         4163    .text               c_w.l(_printf_fp_dec.o)
    0x08000a1e   0x08000a1e   0x00000002   PAD
    0x08000a20   0x08000a20   0x00000030   Code   RO         4165    .text               c_w.l(_printf_char_common.o)
    0x08000a50   0x08000a50   0x0000000a   Code   RO         4167    .text               c_w.l(_sputc.o)
    0x08000a5a   0x08000a5a   0x0000002c   Code   RO         4171    .text               c_w.l(_printf_char.o)
    0x08000a86   0x08000a86   0x00000002   PAD
    0x08000a88   0x08000a88   0x00000008   Code   RO         4300    .text               c_w.l(rt_locale_intlibspace.o)
    0x08000a90   0x08000a90   0x00000008   Code   RO         4305    .text               c_w.l(rt_errno_addr_intlibspace.o)
    0x08000a98   0x08000a98   0x0000008a   Code   RO         4307    .text               c_w.l(lludiv10.o)
    0x08000b22   0x08000b22   0x00000002   PAD
    0x08000b24   0x08000b24   0x00000080   Code   RO         4314    .text               c_w.l(_printf_fp_infnan.o)
    0x08000ba4   0x08000ba4   0x000000e4   Code   RO         4320    .text               c_w.l(bigflt0.o)
    0x08000c88   0x08000c88   0x00000008   Code   RO         4354    .text               c_w.l(libspace.o)
    0x08000c90   0x08000c90   0x0000004a   Code   RO         4357    .text               c_w.l(sys_stackheap_outer.o)
    0x08000cda   0x08000cda   0x00000012   Code   RO         4361    .text               c_w.l(exit.o)
    0x08000cec   0x08000cec   0x0000000c   Code   RO         4440    .text               c_w.l(sys_exit.o)
    0x08000cf8   0x08000cf8   0x00000002   Code   RO         4451    .text               c_w.l(use_no_semi.o)
    0x08000cfa   0x08000cfa   0x00000000   Code   RO         4453    .text               c_w.l(indicate_semi.o)
    0x08000cfa   0x08000cfa   0x0000003e   Code   RO         4323    CL$$btod_d2e        c_w.l(btod.o)
    0x08000d38   0x08000d38   0x00000046   Code   RO         4325    CL$$btod_d2e_denorm_low  c_w.l(btod.o)
    0x08000d7e   0x08000d7e   0x00000060   Code   RO         4324    CL$$btod_d2e_norm_op1  c_w.l(btod.o)
    0x08000dde   0x08000dde   0x00000338   Code   RO         4333    CL$$btod_div_common  c_w.l(btod.o)
    0x08001116   0x08001116   0x000000dc   Code   RO         4330    CL$$btod_e2e        c_w.l(btod.o)
    0x080011f2   0x080011f2   0x0000002a   Code   RO         4327    CL$$btod_ediv       c_w.l(btod.o)
    0x0800121c   0x0800121c   0x0000002a   Code   RO         4326    CL$$btod_emul       c_w.l(btod.o)
    0x08001246   0x08001246   0x00000244   Code   RO         4332    CL$$btod_mult_common  c_w.l(btod.o)
    0x0800148a   0x0800148a   0x00000004   Code   RO         3763    i.BusFault_Handler  stm32f10x_it.o
    0x0800148e   0x0800148e   0x00000002   PAD
    0x08001490   0x08001490   0x00000034   Code   RO         3266    i.DHT11_GPIO_Config  dht11.o
    0x080014c4   0x080014c4   0x0000001c   Code   RO         3267    i.DHT11_Mode_IPU    dht11.o
    0x080014e0   0x080014e0   0x00000024   Code   RO         3268    i.DHT11_Mode_Out_PP  dht11.o
    0x08001504   0x08001504   0x00000002   Code   RO         3764    i.DebugMon_Handler  stm32f10x_it.o
    0x08001506   0x08001506   0x00000018   Code   RO         3196    i.Delay_ms          delay.o
    0x0800151e   0x0800151e   0x0000002e   Code   RO         3198    i.Delay_us          delay.o
    0x0800154c   0x0800154c   0x0000001c   Code   RO         3910    i.ESP8266_Clear     esp8266.o
    0x08001568   0x08001568   0x0000006c   Code   RO         3911    i.ESP8266_GetIPD    esp8266.o
    0x080015d4   0x080015d4   0x00000184   Code   RO         3912    i.ESP8266_Init      esp8266.o
    0x08001758   0x08001758   0x00000054   Code   RO         3913    i.ESP8266_SendCmd   esp8266.o
    0x080017ac   0x080017ac   0x00000040   Code   RO         3914    i.ESP8266_Send_DHT11_Data  esp8266.o
    0x080017ec   0x080017ec   0x000000ac   Code   RO         3915    i.ESP8266_Send_all_Data  esp8266.o
    0x08001898   0x08001898   0x00000054   Code   RO         3916    i.ESP8266_Send_fan_Data  esp8266.o
    0x080018ec   0x080018ec   0x00000054   Code   RO         3917    i.ESP8266_Send_fire_Data  esp8266.o
    0x08001940   0x08001940   0x00000054   Code   RO         3918    i.ESP8266_Send_one_Data  esp8266.o
    0x08001994   0x08001994   0x00000054   Code   RO         3919    i.ESP8266_Send_three_Data  esp8266.o
    0x080019e8   0x080019e8   0x00000054   Code   RO         3920    i.ESP8266_Send_two_Data  esp8266.o
    0x08001a3c   0x08001a3c   0x00000034   Code   RO         3921    i.ESP8266_WaitRecive  esp8266.o
    0x08001a70   0x08001a70   0x00000002   Code   RO         3335    i.EXTI15_10_IRQHandler  infraredsensor.o
    0x08001a72   0x08001a72   0x00000002   PAD
    0x08001a74   0x08001a74   0x000000bc   Code   RO         3826    i.Eyshow            main.o
    0x08001b30   0x08001b30   0x00000048   Code   RO         3305    i.Fan_Init          fan.o
    0x08001b78   0x08001b78   0x00000010   Code   RO         3306    i.Fan_OFF           fan.o
    0x08001b88   0x08001b88   0x00000010   Code   RO         3307    i.Fan_ON            fan.o
    0x08001b98   0x08001b98   0x00000010   Code   RO         3510    i.Fire_Get          fire.o
    0x08001ba8   0x08001ba8   0x0000002c   Code   RO         3511    i.Fire_Init         fire.o
    0x08001bd4   0x08001bd4   0x00000116   Code   RO         1347    i.GPIO_Init         stm32f10x_gpio.o
    0x08001cea   0x08001cea   0x00000002   PAD
    0x08001cec   0x08001cec   0x00000090   Code   RO         1349    i.GPIO_PinRemapConfig  stm32f10x_gpio.o
    0x08001d7c   0x08001d7c   0x00000012   Code   RO         1351    i.GPIO_ReadInputDataBit  stm32f10x_gpio.o
    0x08001d8e   0x08001d8e   0x00000004   Code   RO         1354    i.GPIO_ResetBits    stm32f10x_gpio.o
    0x08001d92   0x08001d92   0x00000004   Code   RO         1355    i.GPIO_SetBits      stm32f10x_gpio.o
    0x08001d96   0x08001d96   0x0000000a   Code   RO         1358    i.GPIO_WriteBit     stm32f10x_gpio.o
    0x08001da0   0x08001da0   0x00000004   Code   RO         3765    i.HardFault_Handler  stm32f10x_it.o
    0x08001da4   0x08001da4   0x00000004   Code   RO         3766    i.MemManage_Handler  stm32f10x_it.o
    0x08001da8   0x08001da8   0x00000002   Code   RO         3767    i.NMI_Handler       stm32f10x_it.o
    0x08001daa   0x08001daa   0x00000002   PAD
    0x08001dac   0x08001dac   0x00000070   Code   RO          137    i.NVIC_Init         misc.o
    0x08001e1c   0x08001e1c   0x00000014   Code   RO          138    i.NVIC_PriorityGroupConfig  misc.o
    0x08001e30   0x08001e30   0x00000028   Code   RO         3528    i.OLED_Clear        oled.o
    0x08001e58   0x08001e58   0x00000090   Code   RO         3529    i.OLED_ClearArea    oled.o
    0x08001ee8   0x08001ee8   0x00000050   Code   RO         3534    i.OLED_DrawPoint    oled.o
    0x08001f38   0x08001f38   0x0000008e   Code   RO         3535    i.OLED_DrawRectangle  oled.o
    0x08001fc6   0x08001fc6   0x00000284   Code   RO         3536    i.OLED_DrawRoundedRectangle  oled.o
    0x0800224a   0x0800224a   0x00000002   PAD
    0x0800224c   0x0800224c   0x00000060   Code   RO         3538    i.OLED_GPIO_Init    oled.o
    0x080022ac   0x080022ac   0x0000003e   Code   RO         3540    i.OLED_I2C_SendByte  oled.o
    0x080022ea   0x080022ea   0x0000001c   Code   RO         3541    i.OLED_I2C_Start    oled.o
    0x08002306   0x08002306   0x00000016   Code   RO         3542    i.OLED_I2C_Stop     oled.o
    0x0800231c   0x0800231c   0x0000009a   Code   RO         3543    i.OLED_Init         oled.o
    0x080023b6   0x080023b6   0x00000014   Code   RO         3545    i.OLED_Pow          oled.o
    0x080023ca   0x080023ca   0x00000022   Code   RO         3549    i.OLED_SetCursor    oled.o
    0x080023ec   0x080023ec   0x00000054   Code   RO         3551    i.OLED_ShowChar     oled.o
    0x08002440   0x08002440   0x000000fc   Code   RO         3554    i.OLED_ShowImage    oled.o
    0x0800253c   0x0800253c   0x0000004c   Code   RO         3555    i.OLED_ShowNum      oled.o
    0x08002588   0x08002588   0x00000110   Code   RO         3557    i.OLED_ShowString   oled.o
    0x08002698   0x08002698   0x00000028   Code   RO         3558    i.OLED_Update       oled.o
    0x080026c0   0x080026c0   0x00000018   Code   RO         3560    i.OLED_W_SCL        oled.o
    0x080026d8   0x080026d8   0x00000018   Code   RO         3561    i.OLED_W_SDA        oled.o
    0x080026f0   0x080026f0   0x00000020   Code   RO         3562    i.OLED_WriteCommand  oled.o
    0x08002710   0x08002710   0x0000002e   Code   RO         3563    i.OLED_WriteData    oled.o
    0x0800273e   0x0800273e   0x00000002   PAD
    0x08002740   0x08002740   0x00000098   Code   RO         3403    i.PWM_Init          pwm.o
    0x080027d8   0x080027d8   0x00000010   Code   RO         3404    i.PWM_SetCompare2   pwm.o
    0x080027e8   0x080027e8   0x00000002   Code   RO         3768    i.PendSV_Handler    stm32f10x_it.o
    0x080027ea   0x080027ea   0x00000002   PAD
    0x080027ec   0x080027ec   0x000001e8   Code   RO         3827    i.ProcessCommand    main.o
    0x080029d4   0x080029d4   0x0000026c   Code   RO         3828    i.ProcessESP8266Data  main.o
    0x08002c40   0x08002c40   0x00000020   Code   RO         1775    i.RCC_APB1PeriphClockCmd  stm32f10x_rcc.o
    0x08002c60   0x08002c60   0x00000020   Code   RO         1777    i.RCC_APB2PeriphClockCmd  stm32f10x_rcc.o
    0x08002c80   0x08002c80   0x000000d4   Code   RO         1785    i.RCC_GetClocksFreq  stm32f10x_rcc.o
    0x08002d54   0x08002d54   0x00000060   Code   RO         3269    i.Read_Byte         dht11.o
    0x08002db4   0x08002db4   0x000000a0   Code   RO         3270    i.Read_DHT11        dht11.o
    0x08002e54   0x08002e54   0x00000002   Code   RO         3769    i.SVC_Handler       stm32f10x_it.o
    0x08002e56   0x08002e56   0x00000002   PAD
    0x08002e58   0x08002e58   0x000000b8   Code   RO         3421    i.Serial_Init       serial.o
    0x08002f10   0x08002f10   0x00000008   Code   RO         3489    i.Servo_Init        servo.o
    0x08002f18   0x08002f18   0x0000003c   Code   RO         3490    i.Servo_SetAngle    servo.o
    0x08002f54   0x08002f54   0x00000008   Code   RO           24    i.SetSysClock       system_stm32f10x.o
    0x08002f5c   0x08002f5c   0x000000e0   Code   RO           25    i.SetSysClockTo72   system_stm32f10x.o
    0x0800303c   0x0800303c   0x00000002   Code   RO         3770    i.SysTick_Handler   stm32f10x_it.o
    0x0800303e   0x0800303e   0x00000002   PAD
    0x08003040   0x08003040   0x00000060   Code   RO           27    i.SystemInit        system_stm32f10x.o
    0x080030a0   0x080030a0   0x0000002c   Code   RO         3829    i.TIM3_IRQHandler   main.o
    0x080030cc   0x080030cc   0x00000006   Code   RO         2415    i.TIM_ClearFlag     stm32f10x_tim.o
    0x080030d2   0x080030d2   0x00000006   Code   RO         2416    i.TIM_ClearITPendingBit  stm32f10x_tim.o
    0x080030d8   0x080030d8   0x00000018   Code   RO         2421    i.TIM_Cmd           stm32f10x_tim.o
    0x080030f0   0x080030f0   0x00000022   Code   RO         2442    i.TIM_GetITStatus   stm32f10x_tim.o
    0x08003112   0x08003112   0x00000012   Code   RO         2446    i.TIM_ITConfig      stm32f10x_tim.o
    0x08003124   0x08003124   0x0000000c   Code   RO         2448    i.TIM_InternalClockConfig  stm32f10x_tim.o
    0x08003130   0x08003130   0x000000a4   Code   RO         2455    i.TIM_OC2Init       stm32f10x_tim.o
    0x080031d4   0x080031d4   0x00000014   Code   RO         2468    i.TIM_OCStructInit  stm32f10x_tim.o
    0x080031e8   0x080031e8   0x00000004   Code   RO         2483    i.TIM_SetCompare2   stm32f10x_tim.o
    0x080031ec   0x080031ec   0x000000a4   Code   RO         2492    i.TIM_TimeBaseInit  stm32f10x_tim.o
    0x08003290   0x08003290   0x00000080   Code   RO         3220    i.Timer3_Init       timer.o
    0x08003310   0x08003310   0x000000a0   Code   RO         3428    i.USART1_IRQHandler  serial.o
    0x080033b0   0x080033b0   0x0000004c   Code   RO         3922    i.USART2_IRQHandler  esp8266.o
    0x080033fc   0x080033fc   0x00000012   Code   RO         2956    i.USART_ClearFlag   stm32f10x_usart.o
    0x0800340e   0x0800340e   0x0000001e   Code   RO         2957    i.USART_ClearITPendingBit  stm32f10x_usart.o
    0x0800342c   0x0800342c   0x00000018   Code   RO         2960    i.USART_Cmd         stm32f10x_usart.o
    0x08003444   0x08003444   0x0000001a   Code   RO         2963    i.USART_GetFlagStatus  stm32f10x_usart.o
    0x0800345e   0x0800345e   0x00000054   Code   RO         2964    i.USART_GetITStatus  stm32f10x_usart.o
    0x080034b2   0x080034b2   0x0000004a   Code   RO         2966    i.USART_ITConfig    stm32f10x_usart.o
    0x080034fc   0x080034fc   0x000000d8   Code   RO         2967    i.USART_Init        stm32f10x_usart.o
    0x080035d4   0x080035d4   0x0000000a   Code   RO         2974    i.USART_ReceiveData  stm32f10x_usart.o
    0x080035de   0x080035de   0x00000008   Code   RO         2977    i.USART_SendData    stm32f10x_usart.o
    0x080035e6   0x080035e6   0x00000002   PAD
    0x080035e8   0x080035e8   0x00000308   Code   RO         3830    i.UpdateOLED        main.o
    0x080038f0   0x080038f0   0x00000004   Code   RO         3771    i.UsageFault_Handler  stm32f10x_it.o
    0x080038f4   0x080038f4   0x000000a8   Code   RO         3232    i.Usart2_Init       usart.o
    0x0800399c   0x0800399c   0x00000032   Code   RO         3234    i.Usart_SendString  usart.o
    0x080039ce   0x080039ce   0x00000028   Code   RO         4277    i.__ARM_fpclassify  m_ws.l(fpclassify.o)
    0x080039f6   0x080039f6   0x000000aa   Code   RO         4279    i.__kernel_poly     m_ws.l(poly.o)
    0x08003aa0   0x08003aa0   0x00000010   Code   RO         4263    i.__mathlib_dbl_divzero  m_ws.l(dunder.o)
    0x08003ab0   0x08003ab0   0x00000004   Code   RO         4265    i.__mathlib_dbl_infnan2  m_ws.l(dunder.o)
    0x08003ab4   0x08003ab4   0x0000000c   Code   RO         4266    i.__mathlib_dbl_invalid  m_ws.l(dunder.o)
    0x08003ac0   0x08003ac0   0x0000000e   Code   RO         4267    i.__mathlib_dbl_overflow  m_ws.l(dunder.o)
    0x08003ace   0x08003ace   0x00000002   PAD
    0x08003ad0   0x08003ad0   0x00000010   Code   RO         4269    i.__mathlib_dbl_underflow  m_ws.l(dunder.o)
    0x08003ae0   0x08003ae0   0x0000000e   Code   RO         4033    i._is_digit         c_w.l(__printf_wp.o)
    0x08003aee   0x08003aee   0x00000002   PAD
    0x08003af0   0x08003af0   0x0000009c   Code   RO         3923    i.extractJsonValue  esp8266.o
    0x08003b8c   0x08003b8c   0x00000160   Code   RO         3831    i.main              main.o
    0x08003cec   0x08003cec   0x000009d8   Code   RO         4133    i.pow               m_ws.l(pow.o)
    0x080046c4   0x080046c4   0x0000004c   Code   RO         4145    i.sqrt              m_ws.l(sqrt.o)
    0x08004710   0x08004710   0x0000002c   Code   RO         4348    locale$$code        c_w.l(lc_numeric_c.o)
    0x0800473c   0x0800473c   0x00000150   Code   RO         4068    x$fpl$dadd          fz_ws.l(daddsub_clz.o)
    0x0800488c   0x0800488c   0x00000010   Code   RO         4350    x$fpl$dcheck1       fz_ws.l(dcheck1.o)
    0x0800489c   0x0800489c   0x00000018   Code   RO         4226    x$fpl$dcmpinf       fz_ws.l(dcmpi.o)
    0x080048b4   0x080048b4   0x000002b0   Code   RO         4075    x$fpl$ddiv          fz_ws.l(ddiv.o)
    0x08004b64   0x08004b64   0x0000005e   Code   RO         4078    x$fpl$dfix          fz_ws.l(dfix.o)
    0x08004bc2   0x08004bc2   0x0000002e   Code   RO         4087    x$fpl$dflt          fz_ws.l(dflt_clz.o)
    0x08004bf0   0x08004bf0   0x00000026   Code   RO         4086    x$fpl$dfltu         fz_ws.l(dflt_clz.o)
    0x08004c16   0x08004c16   0x00000002   PAD
    0x08004c18   0x08004c18   0x00000078   Code   RO         4092    x$fpl$dleqf         fz_ws.l(dleqf.o)
    0x08004c90   0x08004c90   0x00000154   Code   RO         4094    x$fpl$dmul          fz_ws.l(dmul.o)
    0x08004de4   0x08004de4   0x0000009c   Code   RO         4230    x$fpl$dnaninf       fz_ws.l(dnaninf.o)
    0x08004e80   0x08004e80   0x0000000c   Code   RO         4232    x$fpl$dretinf       fz_ws.l(dretinf.o)
    0x08004e8c   0x08004e8c   0x0000006c   Code   RO         4096    x$fpl$drleqf        fz_ws.l(drleqf.o)
    0x08004ef8   0x08004ef8   0x00000016   Code   RO         4069    x$fpl$drsb          fz_ws.l(daddsub_clz.o)
    0x08004f0e   0x08004f0e   0x00000002   PAD
    0x08004f10   0x08004f10   0x000001cc   Code   RO         4236    x$fpl$dsqrt         fz_ws.l(dsqrt_noumaal.o)
    0x080050dc   0x080050dc   0x000001d4   Code   RO         4070    x$fpl$dsub          fz_ws.l(daddsub_clz.o)
    0x080052b0   0x080052b0   0x000000c4   Code   RO         4098    x$fpl$fadd          fz_ws.l(faddsub_clz.o)
    0x08005374   0x08005374   0x00000184   Code   RO         4105    x$fpl$fdiv          fz_ws.l(fdiv.o)
    0x080054f8   0x080054f8   0x0000003e   Code   RO         4108    x$fpl$ffixu         fz_ws.l(ffixu.o)
    0x08005536   0x08005536   0x00000002   PAD
    0x08005538   0x08005538   0x00000102   Code   RO         4120    x$fpl$fmul          fz_ws.l(fmul.o)
    0x0800563a   0x0800563a   0x0000008c   Code   RO         4240    x$fpl$fnaninf       fz_ws.l(fnaninf.o)
    0x080056c6   0x080056c6   0x0000000a   Code   RO         4242    x$fpl$fretinf       fz_ws.l(fretinf.o)
    0x080056d0   0x080056d0   0x000000ea   Code   RO         4100    x$fpl$fsub          fz_ws.l(faddsub_clz.o)
    0x080057ba   0x080057ba   0x00000004   Code   RO         4122    x$fpl$printf1       fz_ws.l(printf1.o)
    0x080057be   0x080057be   0x00000064   Code   RO         4414    x$fpl$retnan        fz_ws.l(retnan.o)
    0x08005822   0x08005822   0x0000005c   Code   RO         4250    x$fpl$scalbn        fz_ws.l(scalbn.o)
    0x0800587e   0x0800587e   0x00000030   Code   RO         4425    x$fpl$trapveneer    fz_ws.l(trapv.o)
    0x080058ae   0x080058ae   0x00000000   Code   RO         4252    x$fpl$usenofp       fz_ws.l(usenofp.o)
    0x080058ae   0x080058ae   0x00000c81   Data   RO         3391    .constdata          oled_data.o
    0x0800652f   0x0800652f   0x00000011   Data   RO         4041    .constdata          c_w.l(__printf_flags_ss_wp.o)
    0x08006540   0x08006540   0x00000088   Data   RO         4134    .constdata          m_ws.l(pow.o)
    0x080065c8   0x080065c8   0x00000008   Data   RO         4281    .constdata          m_ws.l(qnan.o)
    0x080065d0   0x080065d0   0x00000094   Data   RO         4321    .constdata          c_w.l(bigflt0.o)
    0x08006664   0x08006664   0x00000310   Data   RO         3925    .conststring        esp8266.o
    0x08006974   0x08006974   0x00000020   Data   RO         4502    Region$$Table       anon$$obj.o
    0x08006994   0x08006994   0x0000001c   Data   RO         4347    locale$$data        c_w.l(lc_numeric_c.o)


    Execution Region RW_IRAM1 (Exec base: 0x20000000, Load base: 0x080069b0, Size: 0x00000c20, Max: 0x00005000, ABSOLUTE)

    Exec Addr    Load Addr    Size         Type   Attr      Idx    E Section Name        Object

    0x20000000   0x080069b0   0x00000014   Data   RW         1805    .data               stm32f10x_rcc.o
    0x20000014   0x080069c4   0x00000003   Data   RW         3431    .data               serial.o
    0x20000017   0x080069c7   0x00000001   PAD
    0x20000018   0x080069c8   0x00000034   Data   RW         3833    .data               main.o
    0x2000004c   0x080069fc   0x0000000c   Data   RW         3926    .data               esp8266.o
    0x20000058        -       0x00000064   Zero   RW         3430    .bss                serial.o
    0x200000bc        -       0x00000400   Zero   RW         3565    .bss                oled.o
    0x200004bc        -       0x00000100   Zero   RW         3924    .bss                esp8266.o
    0x200005bc        -       0x00000060   Zero   RW         4355    .bss                c_w.l(libspace.o)
    0x2000061c   0x08006a08   0x00000004   PAD
    0x20000620        -       0x00000200   Zero   RW            2    HEAP                startup_stm32f10x_md.o
    0x20000820        -       0x00000400   Zero   RW            1    STACK               startup_stm32f10x_md.o


==============================================================================

Image component sizes


      Code (inc. data)   RO Data    RW Data    ZI Data      Debug   Object Name

         0          0          0          0          0       4508   core_cm3.o
        70          0          0          0          0        914   delay.o
       372         28          0          0          0       3449   dht11.o
      1548        448        784         12        256       9775   esp8266.o
       104         18          0          0          0       1294   fan.o
        60         10          0          0          0        899   fire.o
         2          0          0          0          0        431   infraredsensor.o
      2468        454          0         52          0       6298   main.o
       132         22          0          0          0     204727   misc.o
      2316         56          0          0       1024      13615   oled.o
         0          0       3201          0          0       1260   oled_data.o
       168          6          0          0          0       1097   pwm.o
       344         30          0          3        100       1898   serial.o
        68         12          0          0          0        918   servo.o
        64         26        236          0       1536        812   startup_stm32f10x_md.o
         0          0          0          0          0       1652   stm32f10x_adc.o
       458          6          0          0          0      13094   stm32f10x_gpio.o
        26          0          0          0          0       3694   stm32f10x_it.o
       276         32          0         20          0      12946   stm32f10x_rcc.o
       452         52          0          0          0      26227   stm32f10x_tim.o
       490          6          0          0          0      12945   stm32f10x_usart.o
       328         28          0          0          0      45173   system_stm32f10x.o
       128          6          0          0          0        546   timer.o
       218         10          0          0          0       2137   usart.o

    ----------------------------------------------------------------------
     10112       1250       4253         88       2916     370309   Object Totals
         0          0         32          0          0          0   (incl. Generated)
        20          0          0          1          0          0   (incl. Padding)

    ----------------------------------------------------------------------

      Code (inc. data)   RO Data    RW Data    ZI Data      Debug   Library Member Name

        44          6          0          0          0         84   __2sprintf.o
         8          0          0          0          0         68   __main.o
       392          4         17          0          0         92   __printf_flags_ss_wp.o
        14          0          0          0          0         68   __printf_wp.o
         0          0          0          0          0          0   __rtentry.o
        12          0          0          0          0          0   __rtentry2.o
         6          0          0          0          0          0   __rtentry4.o
        52          8          0          0          0          0   __scatter.o
        26          0          0          0          0          0   __scatter_copy.o
        28          0          0          0          0          0   __scatter_zi.o
        44          0          0          0          0        108   _printf_char.o
        48          6          0          0          0         96   _printf_char_common.o
         6          0          0          0          0          0   _printf_f.o
      1054          0          0          0          0        216   _printf_fp_dec.o
       128         16          0          0          0         84   _printf_fp_infnan.o
         0          0          0          0          0          0   _printf_percent.o
         4          0          0          0          0          0   _printf_percent_end.o
         6          0          0          0          0          0   _printf_s.o
        82          0          0          0          0         80   _printf_str.o
        22          0          0          0          0        100   _rserrno.o
        10          0          0          0          0         68   _sputc.o
       228          4        148          0          0         96   bigflt0.o
      1936        128          0          0          0        672   btod.o
        18          0          0          0          0         80   exit.o
         6          0          0          0          0        152   heapauxi.o
         0          0          0          0          0          0   indicate_semi.o
        44         10         28          0          0         76   lc_numeric_c.o
         2          0          0          0          0          0   libinit.o
        18          0          0          0          0          0   libinit2.o
         2          0          0          0          0          0   libshutdown.o
         2          0          0          0          0          0   libshutdown2.o
         8          4          0          0         96         68   libspace.o
       138          0          0          0          0         80   lludiv10.o
         8          4          0          0          0         68   rt_errno_addr_intlibspace.o
         8          4          0          0          0         68   rt_locale_intlibspace.o
        68          0          0          0          0         68   rt_memclr.o
        78          0          0          0          0         80   rt_memclr_w.o
         2          0          0          0          0          0   rtexit.o
        10          0          0          0          0          0   rtexit2.o
        20          0          0          0          0         68   strchr.o
       128          0          0          0          0         68   strcmpv7m.o
        62          0          0          0          0         76   strlen.o
        86          0          0          0          0         76   strncpy.o
        22          0          0          0          0         68   strrchr.o
        36          0          0          0          0         80   strstr.o
        12          4          0          0          0         68   sys_exit.o
        74          0          0          0          0         80   sys_stackheap_outer.o
         2          0          0          0          0         68   use_no_semi.o
       826         16          0          0          0        348   daddsub_clz.o
        16          4          0          0          0         68   dcheck1.o
        24          0          0          0          0         68   dcmpi.o
       688        140          0          0          0        208   ddiv.o
        94          4          0          0          0         92   dfix.o
        84          0          0          0          0        136   dflt_clz.o
       120          4          0          0          0         92   dleqf.o
       340         12          0          0          0        104   dmul.o
       156          4          0          0          0         92   dnaninf.o
        12          0          0          0          0         68   dretinf.o
       108          0          0          0          0         80   drleqf.o
       460         56          0          0          0        120   dsqrt_noumaal.o
       430          8          0          0          0        168   faddsub_clz.o
       388         76          0          0          0         96   fdiv.o
        62          4          0          0          0         84   ffixu.o
       258          4          0          0          0         84   fmul.o
       140          4          0          0          0         84   fnaninf.o
        10          0          0          0          0         68   fretinf.o
         4          0          0          0          0         68   printf1.o
       100          0          0          0          0         68   retnan.o
        92          0          0          0          0         68   scalbn.o
        48          0          0          0          0         68   trapv.o
         0          0          0          0          0          0   usenofp.o
        62         10          0          0          0        340   dunder.o
        40          0          0          0          0         68   fpclassify.o
       170          0          0          0          0         96   poly.o
      2520        190        136          0          0        324   pow.o
         0          0          8          0          0          0   qnan.o
        76          0          0          0          0         84   sqrt.o

    ----------------------------------------------------------------------
     12354        734        337          0        100       6468   Library Totals
        22          0          0          0          4          0   (incl. Padding)

    ----------------------------------------------------------------------

      Code (inc. data)   RO Data    RW Data    ZI Data      Debug   Library Name

      5004        198        193          0         96       3224   c_w.l
      4460        336          0          0          0       2332   fz_ws.l
      2868        200        144          0          0        912   m_ws.l

    ----------------------------------------------------------------------
     12354        734        337          0        100       6468   Library Totals

    ----------------------------------------------------------------------

==============================================================================


      Code (inc. data)   RO Data    RW Data    ZI Data      Debug   

     22466       1984       4590         88       3016     367881   Grand Totals
     22466       1984       4590         88       3016     367881   ELF Image Totals
     22466       1984       4590         88          0          0   ROM Totals

==============================================================================

    Total RO  Size (Code + RO Data)                27056 (  26.42kB)
    Total RW  Size (RW Data + ZI Data)              3104 (   3.03kB)
    Total ROM Size (Code + RO Data + RW Data)      27144 (  26.51kB)

==============================================================================

